<html>
<body>
<pre>
<h1>µVision Build Log</h1>
<h2>Tool Versions:</h2>
IDE-Version: µVision V5.37.0.0
Copyright (C) 2022 ARM Ltd and ARM Germany GmbH. All rights reserved.
License Information: Viet Viet, Viet, LIC=JL28G-VP4S4-45BT5-G4VVF-FH8EM-R789Z
 
Tool Versions:
Toolchain:       MDK-ARM Plus  Version: 5.37.0.0
Toolchain Path:  C:\Keil_v5\ARM\ARMCLANG\Bin
C Compiler:      ArmClang.exe V6.18
Assembler:       Armasm.exe V6.18
Linker/Locator:  ArmLink.exe V6.18
Library Manager: ArmAr.exe V6.18
Hex Converter:   FromElf.exe V6.18
CPU DLL:         SARMCM3.DLL V5.37.0.0
Dialog DLL:      DCM.DLL V1.17.5.0
Target DLL:      STLink\ST-LINKIII-KEIL_SWO.dll V3.0.9.0
Dialog DLL:      TCM.DLL V1.56.1.0
 
<h2>Project:</h2>
D:\STM\ADC1\MDK-ARM\ADC1.uvprojx
Project File Date:  12/28/2023

<h2>Output:</h2>
*** Using Compiler 'V6.18', folder: 'C:\Keil_v5\ARM\ARMCLANG\Bin'
Build target 'ADC1'
../Core/Src/main.c(122): warning: implicit declaration of function 'flash_Erase' is invalid in C99 [-Wimplicit-function-declaration]
    flash_Erase(ADDRESS_DATA_STORAGE);
    ^
../Core/Src/main.c(123): warning: implicit declaration of function 'flash_Write_Array' is invalid in C99 [-Wimplicit-function-declaration]
    flash_Write_Array(ADDRESS_DATA_STORAGE, (uint8_t*)ppmArray, NUM_PPM_VALUES * sizeof(float));
    ^
../Core/Src/main.c(127): warning: implicit declaration of function 'flash_Read_Array' is invalid in C99 [-Wimplicit-function-declaration]
    flash_Read_Array(ADDRESS_DATA_STORAGE, (uint8_t*)ppmArray, NUM_PPM_VALUES * sizeof(float));
    ^
../Core/Src/main.c(131): warning: implicit declaration of function 'numberToString' is invalid in C99 [-Wimplicit-function-declaration]
    SSD1306_Puts((char *)numberToString(ppmArray[i]), &Font_7x10, SSD1306_COLOR_WHITE);
                         ^
4 warnings generated.
compiling main.c...
linking...
Program Size: Code=22700 RO-data=5840 RW-data=40 ZI-data=2688  
FromELF: creating hex file...
"ADC1\ADC1.axf" - 0 Error(s), 4 Warning(s).

<h2>Software Packages used:</h2>

Package Vendor: ARM
                http://www.keil.com/pack/ARM.CMSIS.5.9.0.pack
                ARM.CMSIS.5.9.0
                CMSIS (Common Microcontroller Software Interface Standard)
   * Component: CORE Version: 5.6.0

Package Vendor: Keil
                http://www.keil.com/pack/Keil.STM32F1xx_DFP.2.4.0.pack
                Keil.STM32F1xx_DFP.2.4.0
                STMicroelectronics STM32F1 Series Device Support, Drivers and Examples

<h2>Collection of Component include folders:</h2>
  ./RTE/_ADC1
  C:/Users/MSI/AppData/Local/Arm/Packs/ARM/CMSIS/5.9.0/CMSIS/Core/Include
  C:/Users/MSI/AppData/Local/Arm/Packs/Keil/STM32F1xx_DFP/2.4.0/Device/Include

<h2>Collection of Component Files used:</h2>

   * Component: ARM::CMSIS:CORE:5.6.0
Build Time Elapsed:  00:00:01
</pre>
</body>
</html>
