Component: Arm Compiler for Embedded 6.18 Tool: armlink [5e4cc100]

==============================================================================

Section Cross References

    startup_stm32f103xb.o(RESET) refers to startup_stm32f103xb.o(STACK) for __initial_sp
    startup_stm32f103xb.o(RESET) refers to startup_stm32f103xb.o(.text) for Reset_Handler
    startup_stm32f103xb.o(RESET) refers to stm32f1xx_it.o(.text.NMI_Handler) for NMI_Handler
    startup_stm32f103xb.o(RESET) refers to stm32f1xx_it.o(.text.HardFault_Handler) for HardFault_Handler
    startup_stm32f103xb.o(RESET) refers to stm32f1xx_it.o(.text.MemManage_Handler) for MemManage_Handler
    startup_stm32f103xb.o(RESET) refers to stm32f1xx_it.o(.text.BusFault_Handler) for BusFault_Handler
    startup_stm32f103xb.o(RESET) refers to stm32f1xx_it.o(.text.UsageFault_Handler) for UsageFault_Handler
    startup_stm32f103xb.o(RESET) refers to stm32f1xx_it.o(.text.SVC_Handler) for SVC_Handler
    startup_stm32f103xb.o(RESET) refers to stm32f1xx_it.o(.text.DebugMon_Handler) for DebugMon_Handler
    startup_stm32f103xb.o(RESET) refers to stm32f1xx_it.o(.text.PendSV_Handler) for PendSV_Handler
    startup_stm32f103xb.o(RESET) refers to stm32f1xx_it.o(.text.SysTick_Handler) for SysTick_Handler
    startup_stm32f103xb.o(.text) refers to system_stm32f1xx.o(.text.SystemInit) for SystemInit
    startup_stm32f103xb.o(.text) refers to entry.o(.ARM.Collect$$$$00000000) for __main
    fonts.o(.text.FONTS_GetStringSize) refers to strlen.o(.text) for strlen
    fonts.o(.ARM.exidx.text.FONTS_GetStringSize) refers to fonts.o(.text.FONTS_GetStringSize) for [Anonymous Symbol]
    fonts.o(.data.Font_7x10) refers to fonts.o(.rodata.Font7x10) for Font7x10
    fonts.o(.data.Font_11x18) refers to fonts.o(.rodata.Font11x18) for Font11x18
    fonts.o(.data.Font_16x26) refers to fonts.o(.rodata.Font16x26) for Font16x26
    ssd1306.o(.text.SSD1306_ScrollRight) refers to main.o(.bss.hi2c1) for hi2c1
    ssd1306.o(.text.SSD1306_ScrollRight) refers to stm32f1xx_hal_i2c.o(.text.HAL_I2C_Master_Transmit) for HAL_I2C_Master_Transmit
    ssd1306.o(.ARM.exidx.text.SSD1306_ScrollRight) refers to ssd1306.o(.text.SSD1306_ScrollRight) for [Anonymous Symbol]
    ssd1306.o(.text.ssd1306_I2C_Write) refers to main.o(.bss.hi2c1) for hi2c1
    ssd1306.o(.text.ssd1306_I2C_Write) refers to stm32f1xx_hal_i2c.o(.text.HAL_I2C_Master_Transmit) for HAL_I2C_Master_Transmit
    ssd1306.o(.ARM.exidx.text.ssd1306_I2C_Write) refers to ssd1306.o(.text.ssd1306_I2C_Write) for [Anonymous Symbol]
    ssd1306.o(.text.SSD1306_ScrollLeft) refers to main.o(.bss.hi2c1) for hi2c1
    ssd1306.o(.text.SSD1306_ScrollLeft) refers to stm32f1xx_hal_i2c.o(.text.HAL_I2C_Master_Transmit) for HAL_I2C_Master_Transmit
    ssd1306.o(.ARM.exidx.text.SSD1306_ScrollLeft) refers to ssd1306.o(.text.SSD1306_ScrollLeft) for [Anonymous Symbol]
    ssd1306.o(.text.SSD1306_Scrolldiagright) refers to main.o(.bss.hi2c1) for hi2c1
    ssd1306.o(.text.SSD1306_Scrolldiagright) refers to stm32f1xx_hal_i2c.o(.text.HAL_I2C_Master_Transmit) for HAL_I2C_Master_Transmit
    ssd1306.o(.ARM.exidx.text.SSD1306_Scrolldiagright) refers to ssd1306.o(.text.SSD1306_Scrolldiagright) for [Anonymous Symbol]
    ssd1306.o(.text.SSD1306_Scrolldiagleft) refers to main.o(.bss.hi2c1) for hi2c1
    ssd1306.o(.text.SSD1306_Scrolldiagleft) refers to stm32f1xx_hal_i2c.o(.text.HAL_I2C_Master_Transmit) for HAL_I2C_Master_Transmit
    ssd1306.o(.ARM.exidx.text.SSD1306_Scrolldiagleft) refers to ssd1306.o(.text.SSD1306_Scrolldiagleft) for [Anonymous Symbol]
    ssd1306.o(.text.SSD1306_Stopscroll) refers to main.o(.bss.hi2c1) for hi2c1
    ssd1306.o(.text.SSD1306_Stopscroll) refers to stm32f1xx_hal_i2c.o(.text.HAL_I2C_Master_Transmit) for HAL_I2C_Master_Transmit
    ssd1306.o(.ARM.exidx.text.SSD1306_Stopscroll) refers to ssd1306.o(.text.SSD1306_Stopscroll) for [Anonymous Symbol]
    ssd1306.o(.text.SSD1306_InvertDisplay) refers to main.o(.bss.hi2c1) for hi2c1
    ssd1306.o(.text.SSD1306_InvertDisplay) refers to stm32f1xx_hal_i2c.o(.text.HAL_I2C_Master_Transmit) for HAL_I2C_Master_Transmit
    ssd1306.o(.ARM.exidx.text.SSD1306_InvertDisplay) refers to ssd1306.o(.text.SSD1306_InvertDisplay) for [Anonymous Symbol]
    ssd1306.o(.text.SSD1306_DrawBitmap) refers to ssd1306.o(.bss..L_MergedGlobals) for .L_MergedGlobals
    ssd1306.o(.text.SSD1306_DrawBitmap) refers to ssd1306.o(.bss.SSD1306_Buffer) for SSD1306_Buffer
    ssd1306.o(.ARM.exidx.text.SSD1306_DrawBitmap) refers to ssd1306.o(.text.SSD1306_DrawBitmap) for [Anonymous Symbol]
    ssd1306.o(.text.SSD1306_DrawPixel) refers to ssd1306.o(.bss..L_MergedGlobals) for .L_MergedGlobals
    ssd1306.o(.text.SSD1306_DrawPixel) refers to ssd1306.o(.bss.SSD1306_Buffer) for SSD1306_Buffer
    ssd1306.o(.ARM.exidx.text.SSD1306_DrawPixel) refers to ssd1306.o(.text.SSD1306_DrawPixel) for [Anonymous Symbol]
    ssd1306.o(.text.SSD1306_Init) refers to main.o(.bss.hi2c1) for hi2c1
[...]
    Removing stm32f1xx_hal_tim_ex.o(.ARM.exidx.text.HAL_TIMEx_RemapConfig), (8 bytes).
    Removing stm32f1xx_hal_tim_ex.o(.text.HAL_TIMEx_CommutCallback), (2 bytes).
    Removing stm32f1xx_hal_tim_ex.o(.ARM.exidx.text.HAL_TIMEx_CommutCallback), (8 bytes).
    Removing stm32f1xx_hal_tim_ex.o(.text.HAL_TIMEx_CommutHalfCpltCallback), (2 bytes).
    Removing stm32f1xx_hal_tim_ex.o(.ARM.exidx.text.HAL_TIMEx_CommutHalfCpltCallback), (8 bytes).
    Removing stm32f1xx_hal_tim_ex.o(.text.HAL_TIMEx_BreakCallback), (2 bytes).
    Removing stm32f1xx_hal_tim_ex.o(.ARM.exidx.text.HAL_TIMEx_BreakCallback), (8 bytes).
    Removing stm32f1xx_hal_tim_ex.o(.text.HAL_TIMEx_HallSensor_GetState), (6 bytes).
    Removing stm32f1xx_hal_tim_ex.o(.ARM.exidx.text.HAL_TIMEx_HallSensor_GetState), (8 bytes).
    Removing stm32f1xx_hal_tim_ex.o(.text.HAL_TIMEx_GetChannelNState), (34 bytes).
    Removing stm32f1xx_hal_tim_ex.o(.ARM.exidx.text.HAL_TIMEx_GetChannelNState), (8 bytes).
    Removing stm32f1xx_hal_uart.o(.text), (0 bytes).
    Removing stm32f1xx_hal_uart.o(.ARM.exidx.text.HAL_UART_Init), (8 bytes).
    Removing stm32f1xx_hal_uart.o(.text.HAL_UART_MspInit), (2 bytes).
    Removing stm32f1xx_hal_uart.o(.ARM.exidx.text.HAL_UART_MspInit), (8 bytes).
    Removing stm32f1xx_hal_uart.o(.text.HAL_HalfDuplex_Init), (228 bytes).
    Removing stm32f1xx_hal_uart.o(.ARM.exidx.text.HAL_HalfDuplex_Init), (8 bytes).
    Removing stm32f1xx_hal_uart.o(.text.HAL_LIN_Init), (242 bytes).
    Removing stm32f1xx_hal_uart.o(.ARM.exidx.text.HAL_LIN_Init), (8 bytes).
    Removing stm32f1xx_hal_uart.o(.text.HAL_MultiProcessor_Init), (252 bytes).
    Removing stm32f1xx_hal_uart.o(.ARM.exidx.text.HAL_MultiProcessor_Init), (8 bytes).
    Removing stm32f1xx_hal_uart.o(.text.HAL_UART_DeInit), (54 bytes).
    Removing stm32f1xx_hal_uart.o(.ARM.exidx.text.HAL_UART_DeInit), (8 bytes).
    Removing stm32f1xx_hal_uart.o(.text.HAL_UART_MspDeInit), (2 bytes).
    Removing stm32f1xx_hal_uart.o(.ARM.exidx.text.HAL_UART_MspDeInit), (8 bytes).
    Removing stm32f1xx_hal_uart.o(.text.HAL_UART_Transmit), (432 bytes).
    Removing stm32f1xx_hal_uart.o(.ARM.exidx.text.HAL_UART_Transmit), (8 bytes).
    Removing stm32f1xx_hal_uart.o(.text.HAL_UART_Receive), (318 bytes).
    Removing stm32f1xx_hal_uart.o(.ARM.exidx.text.HAL_UART_Receive), (8 bytes).
    Removing stm32f1xx_hal_uart.o(.text.HAL_UART_Transmit_IT), (68 bytes).
    Removing stm32f1xx_hal_uart.o(.ARM.exidx.text.HAL_UART_Transmit_IT), (8 bytes).
    Removing stm32f1xx_hal_uart.o(.text.HAL_UART_Receive_IT), (86 bytes).
    Removing stm32f1xx_hal_uart.o(.ARM.exidx.text.HAL_UART_Receive_IT), (8 bytes).
    Removing stm32f1xx_hal_uart.o(.text.UART_Start_Receive_IT), (50 bytes).
    Removing stm32f1xx_hal_uart.o(.ARM.exidx.text.UART_Start_Receive_IT), (8 bytes).
    Removing stm32f1xx_hal_uart.o(.text.HAL_UART_Transmit_DMA), (124 bytes).
    Removing stm32f1xx_hal_uart.o(.ARM.exidx.text.HAL_UART_Transmit_DMA), (8 bytes).
    Removing stm32f1xx_hal_uart.o(.text.UART_DMATransmitCplt), (38 bytes).
    Removing stm32f1xx_hal_uart.o(.ARM.exidx.text.UART_DMATransmitCplt), (8 bytes).
    Removing stm32f1xx_hal_uart.o(.text.UART_DMATxHalfCplt), (6 bytes).
    Removing stm32f1xx_hal_uart.o(.ARM.exidx.text.UART_DMATxHalfCplt), (8 bytes).
    Removing stm32f1xx_hal_uart.o(.text.UART_DMAError), (108 bytes).
    Removing stm32f1xx_hal_uart.o(.ARM.exidx.text.UART_DMAError), (8 bytes).
    Removing stm32f1xx_hal_uart.o(.text.HAL_UART_Receive_DMA), (164 bytes).
    Removing stm32f1xx_hal_uart.o(.ARM.exidx.text.HAL_UART_Receive_DMA), (8 bytes).
    Removing stm32f1xx_hal_uart.o(.text.UART_Start_Receive_DMA), (114 bytes).
    Removing stm32f1xx_hal_uart.o(.ARM.exidx.text.UART_Start_Receive_DMA), (8 bytes).
    Removing stm32f1xx_hal_uart.o(.text.HAL_UART_DMAPause), (88 bytes).
    Removing stm32f1xx_hal_uart.o(.ARM.exidx.text.HAL_UART_DMAPause), (8 bytes).
    Removing stm32f1xx_hal_uart.o(.text.HAL_UART_DMAResume), (104 bytes).
    Removing stm32f1xx_hal_uart.o(.ARM.exidx.text.HAL_UART_DMAResume), (8 bytes).
    Removing stm32f1xx_hal_uart.o(.text.HAL_UART_DMAStop), (132 bytes).
    Removing stm32f1xx_hal_uart.o(.ARM.exidx.text.HAL_UART_DMAStop), (8 bytes).
    Removing stm32f1xx_hal_uart.o(.text.HAL_UARTEx_ReceiveToIdle), (474 bytes).
    Removing stm32f1xx_hal_uart.o(.ARM.exidx.text.HAL_UARTEx_ReceiveToIdle), (8 bytes).
    Removing stm32f1xx_hal_uart.o(.text.HAL_UARTEx_ReceiveToIdle_IT), (132 bytes).
    Removing stm32f1xx_hal_uart.o(.ARM.exidx.text.HAL_UARTEx_ReceiveToIdle_IT), (8 bytes).
    Removing stm32f1xx_hal_uart.o(.text.HAL_UARTEx_ReceiveToIdle_DMA), (192 bytes).
    Removing stm32f1xx_hal_uart.o(.ARM.exidx.text.HAL_UARTEx_ReceiveToIdle_DMA), (8 bytes).
    Removing stm32f1xx_hal_uart.o(.text.HAL_UART_Abort), (146 bytes).
    Removing stm32f1xx_hal_uart.o(.ARM.exidx.text.HAL_UART_Abort), (8 bytes).
    Removing stm32f1xx_hal_uart.o(.text.HAL_UART_AbortTransmit), (72 bytes).
    Removing stm32f1xx_hal_uart.o(.ARM.exidx.text.HAL_UART_AbortTransmit), (8 bytes).
    Removing stm32f1xx_hal_uart.o(.text.HAL_UART_AbortReceive), (98 bytes).
    Removing stm32f1xx_hal_uart.o(.ARM.exidx.text.HAL_UART_AbortReceive), (8 bytes).
    Removing stm32f1xx_hal_uart.o(.text.HAL_UART_Abort_IT), (180 bytes).
    Removing stm32f1xx_hal_uart.o(.ARM.exidx.text.HAL_UART_Abort_IT), (8 bytes).
    Removing stm32f1xx_hal_uart.o(.text.UART_DMATxAbortCallback), (42 bytes).
    Removing stm32f1xx_hal_uart.o(.ARM.exidx.text.UART_DMATxAbortCallback), (8 bytes).
    Removing stm32f1xx_hal_uart.o(.text.UART_DMARxAbortCallback), (42 bytes).
    Removing stm32f1xx_hal_uart.o(.ARM.exidx.text.UART_DMARxAbortCallback), (8 bytes).
    Removing stm32f1xx_hal_uart.o(.text.HAL_UART_AbortCpltCallback), (2 bytes).
    Removing stm32f1xx_hal_uart.o(.ARM.exidx.text.HAL_UART_AbortCpltCallback), (8 bytes).
    Removing stm32f1xx_hal_uart.o(.text.HAL_UART_AbortTransmit_IT), (100 bytes).
    Removing stm32f1xx_hal_uart.o(.ARM.exidx.text.HAL_UART_AbortTransmit_IT), (8 bytes).
    Removing stm32f1xx_hal_uart.o(.text.UART_DMATxOnlyAbortCallback), (16 bytes).
    Removing stm32f1xx_hal_uart.o(.ARM.exidx.text.UART_DMATxOnlyAbortCallback), (8 bytes).
    Removing stm32f1xx_hal_uart.o(.text.HAL_UART_AbortTransmitCpltCallback), (2 bytes).
    Removing stm32f1xx_hal_uart.o(.ARM.exidx.text.HAL_UART_AbortTransmitCpltCallback), (8 bytes).
    Removing stm32f1xx_hal_uart.o(.text.HAL_UART_AbortReceive_IT), (134 bytes).
    Removing stm32f1xx_hal_uart.o(.ARM.exidx.text.HAL_UART_AbortReceive_IT), (8 bytes).
    Removing stm32f1xx_hal_uart.o(.text.UART_DMARxOnlyAbortCallback), (18 bytes).
    Removing stm32f1xx_hal_uart.o(.ARM.exidx.text.UART_DMARxOnlyAbortCallback), (8 bytes).
    Removing stm32f1xx_hal_uart.o(.text.HAL_UART_AbortReceiveCpltCallback), (2 bytes).
    Removing stm32f1xx_hal_uart.o(.ARM.exidx.text.HAL_UART_AbortReceiveCpltCallback), (8 bytes).
    Removing stm32f1xx_hal_uart.o(.text.HAL_UART_IRQHandler), (620 bytes).
    Removing stm32f1xx_hal_uart.o(.ARM.exidx.text.HAL_UART_IRQHandler), (8 bytes).
    Removing stm32f1xx_hal_uart.o(.text.UART_Receive_IT), (182 bytes).
    Removing stm32f1xx_hal_uart.o(.ARM.exidx.text.UART_Receive_IT), (8 bytes).
    Removing stm32f1xx_hal_uart.o(.text.UART_DMAAbortOnError), (12 bytes).
    Removing stm32f1xx_hal_uart.o(.ARM.exidx.text.UART_DMAAbortOnError), (8 bytes).
    Removing stm32f1xx_hal_uart.o(.text.HAL_UART_ErrorCallback), (2 bytes).
    Removing stm32f1xx_hal_uart.o(.ARM.exidx.text.HAL_UART_ErrorCallback), (8 bytes).
    Removing stm32f1xx_hal_uart.o(.text.HAL_UARTEx_RxEventCallback), (2 bytes).
    Removing stm32f1xx_hal_uart.o(.ARM.exidx.text.HAL_UARTEx_RxEventCallback), (8 bytes).
    Removing stm32f1xx_hal_uart.o(.text.HAL_UART_TxCpltCallback), (2 bytes).
    Removing stm32f1xx_hal_uart.o(.ARM.exidx.text.HAL_UART_TxCpltCallback), (8 bytes).
    Removing stm32f1xx_hal_uart.o(.text.HAL_UART_TxHalfCpltCallback), (2 bytes).
    Removing stm32f1xx_hal_uart.o(.ARM.exidx.text.HAL_UART_TxHalfCpltCallback), (8 bytes).
    Removing stm32f1xx_hal_uart.o(.text.HAL_UART_RxCpltCallback), (2 bytes).
    Removing stm32f1xx_hal_uart.o(.ARM.exidx.text.HAL_UART_RxCpltCallback), (8 bytes).
    Removing stm32f1xx_hal_uart.o(.text.HAL_UART_RxHalfCpltCallback), (2 bytes).
    Removing stm32f1xx_hal_uart.o(.ARM.exidx.text.HAL_UART_RxHalfCpltCallback), (8 bytes).
    Removing stm32f1xx_hal_uart.o(.text.HAL_LIN_SendBreak), (44 bytes).
    Removing stm32f1xx_hal_uart.o(.ARM.exidx.text.HAL_LIN_SendBreak), (8 bytes).
    Removing stm32f1xx_hal_uart.o(.text.HAL_MultiProcessor_EnterMuteMode), (44 bytes).
    Removing stm32f1xx_hal_uart.o(.ARM.exidx.text.HAL_MultiProcessor_EnterMuteMode), (8 bytes).
    Removing stm32f1xx_hal_uart.o(.text.HAL_MultiProcessor_ExitMuteMode), (44 bytes).
    Removing stm32f1xx_hal_uart.o(.ARM.exidx.text.HAL_MultiProcessor_ExitMuteMode), (8 bytes).
    Removing stm32f1xx_hal_uart.o(.text.HAL_HalfDuplex_EnableTransmitter), (44 bytes).
    Removing stm32f1xx_hal_uart.o(.ARM.exidx.text.HAL_HalfDuplex_EnableTransmitter), (8 bytes).
    Removing stm32f1xx_hal_uart.o(.text.HAL_HalfDuplex_EnableReceiver), (46 bytes).
    Removing stm32f1xx_hal_uart.o(.ARM.exidx.text.HAL_HalfDuplex_EnableReceiver), (8 bytes).
    Removing stm32f1xx_hal_uart.o(.text.HAL_UART_GetState), (14 bytes).
    Removing stm32f1xx_hal_uart.o(.ARM.exidx.text.HAL_UART_GetState), (8 bytes).
    Removing stm32f1xx_hal_uart.o(.text.HAL_UART_GetError), (4 bytes).
    Removing stm32f1xx_hal_uart.o(.ARM.exidx.text.HAL_UART_GetError), (8 bytes).
    Removing stm32f1xx_hal_uart.o(.text.UART_DMAReceiveCplt), (76 bytes).
    Removing stm32f1xx_hal_uart.o(.ARM.exidx.text.UART_DMAReceiveCplt), (8 bytes).
    Removing stm32f1xx_hal_uart.o(.text.UART_DMARxHalfCplt), (20 bytes).
    Removing stm32f1xx_hal_uart.o(.ARM.exidx.text.UART_DMARxHalfCplt), (8 bytes).
    Removing system_stm32f1xx.o(.text), (0 bytes).
    Removing system_stm32f1xx.o(.ARM.exidx.text.SystemInit), (8 bytes).
    Removing system_stm32f1xx.o(.text.SystemCoreClockUpdate), (112 bytes).
    Removing system_stm32f1xx.o(.ARM.exidx.text.SystemCoreClockUpdate), (8 bytes).
    Removing fcmplt.o(.text), (28 bytes).
    Removing fcmpge.o(.text), (28 bytes).
    Removing dfltul.o(.text), (24 bytes).

1045 unused section(s) (total 78674 bytes) removed from the image.

==============================================================================

Image Symbol Table

    Local Symbols

    Symbol Name                              Value     Ov Type        Size  Object(Section)

    ../clib/microlib/ctype/ctype.c           0x00000000   Number         0  isspace_c.o ABSOLUTE
    ../clib/microlib/ctype/ctype.c           0x00000000   Number         0  ctype_c.o ABSOLUTE
    ../clib/microlib/errno.c                 0x00000000   Number         0  errno.o ABSOLUTE
    ../clib/microlib/init/entry.s            0x00000000   Number         0  entry.o ABSOLUTE
    ../clib/microlib/init/entry.s            0x00000000   Number         0  entry2.o ABSOLUTE
    ../clib/microlib/init/entry.s            0x00000000   Number         0  entry5.o ABSOLUTE
    ../clib/microlib/init/entry.s            0x00000000   Number         0  entry7a.o ABSOLUTE
    ../clib/microlib/init/entry.s            0x00000000   Number         0  entry7b.o ABSOLUTE
    ../clib/microlib/init/entry.s            0x00000000   Number         0  entry8a.o ABSOLUTE
    ../clib/microlib/init/entry.s            0x00000000   Number         0  entry8b.o ABSOLUTE
    ../clib/microlib/init/entry.s            0x00000000   Number         0  entry9a.o ABSOLUTE
    ../clib/microlib/init/entry.s            0x00000000   Number         0  entry9b.o ABSOLUTE
    ../clib/microlib/init/entry.s            0x00000000   Number         0  entry10a.o ABSOLUTE
    ../clib/microlib/init/entry.s            0x00000000   Number         0  entry10b.o ABSOLUTE
    ../clib/microlib/init/entry.s            0x00000000   Number         0  entry11a.o ABSOLUTE
    ../clib/microlib/init/entry.s            0x00000000   Number         0  entry11b.o ABSOLUTE
    ../clib/microlib/longlong.c              0x00000000   Number         0  llshl.o ABSOLUTE
    ../clib/microlib/longlong.c              0x00000000   Number         0  llushr.o ABSOLUTE
    ../clib/microlib/longlong.c              0x00000000   Number         0  llsshr.o ABSOLUTE
    ../clib/microlib/malloc/malloc.c         0x00000000   Number         0  malloc.o ABSOLUTE
    ../clib/microlib/malloc/malloc.c         0x00000000   Number         0  mallocr.o ABSOLUTE
    ../clib/microlib/malloc/malloc.c         0x00000000   Number         0  malloca.o ABSOLUTE
    ../clib/microlib/malloc/malloc.c         0x00000000   Number         0  mallocra.o ABSOLUTE
    ../clib/microlib/malloc/mvars.c          0x00000000   Number         0  mvars.o ABSOLUTE
    ../clib/microlib/string/memcpy.c         0x00000000   Number         0  memcpya.o ABSOLUTE
    ../clib/microlib/string/memcpy.c         0x00000000   Number         0  memmovea.o ABSOLUTE
    ../clib/microlib/string/memcpy.c         0x00000000   Number         0  memcpyb.o ABSOLUTE
    ../clib/microlib/string/memcpy.c         0x00000000   Number         0  memmoveb.o ABSOLUTE
    ../clib/microlib/string/memset.c         0x00000000   Number         0  memseta.o ABSOLUTE
    ../clib/microlib/string/strcat.c         0x00000000   Number         0  strcat.o ABSOLUTE
    ../clib/microlib/string/strcpy.c         0x00000000   Number         0  strcpy.o ABSOLUTE
    ../clib/microlib/string/strlen.c         0x00000000   Number         0  strlen.o ABSOLUTE
    ../clib/microlib/stubs.s                 0x00000000   Number         0  iusefp.o ABSOLUTE
    ../clib/scanf.c                          0x00000000   Number         0  strtod.o ABSOLUTE
    ../clib/scanf.c                          0x00000000   Number         0  scanf_fp.o ABSOLUTE
    ../clib/scanf.c                          0x00000000   Number         0  _sgetc.o ABSOLUTE
    ../fplib/microlib/d2f.c                  0x00000000   Number         0  d2f.o ABSOLUTE
    ../fplib/microlib/f2d.c                  0x00000000   Number         0  f2d.o ABSOLUTE
    ../fplib/microlib/fpadd.c                0x00000000   Number         0  fadd.o ABSOLUTE
    ../fplib/microlib/fpadd.c                0x00000000   Number         0  dadd.o ABSOLUTE
    ../fplib/microlib/fpcmp.c                0x00000000   Number         0  fcmplt.o ABSOLUTE
    ../fplib/microlib/fpcmp.c                0x00000000   Number         0  fcmpge.o ABSOLUTE
    ../fplib/microlib/fpcmp.c                0x00000000   Number         0  dcmple.o ABSOLUTE
    ../fplib/microlib/fpdiv.c                0x00000000   Number         0  fdiv.o ABSOLUTE
    ../fplib/microlib/fpdiv.c                0x00000000   Number         0  ddiv.o ABSOLUTE
    ../fplib/microlib/fpepilogue.c           0x00000000   Number         0  fepilogue.o ABSOLUTE
    ../fplib/microlib/fpepilogue.c           0x00000000   Number         0  depilogue.o ABSOLUTE
    ../fplib/microlib/fpfix.c                0x00000000   Number         0  ffixi.o ABSOLUTE
    ../fplib/microlib/fpfix.c                0x00000000   Number         0  dfixi.o ABSOLUTE
    ../fplib/microlib/fpflt.c                0x00000000   Number         0  dflti.o ABSOLUTE
    ../fplib/microlib/fpflt.c                0x00000000   Number         0  dfltui.o ABSOLUTE
    ../fplib/microlib/fpflt.c                0x00000000   Number         0  dfltul.o ABSOLUTE
    ../fplib/microlib/fpmul.c                0x00000000   Number         0  fmul.o ABSOLUTE
    ../fplib/microlib/fpmul.c                0x00000000   Number         0  dmul.o ABSOLUTE
    ../fplib/microlib/fpscalb.c              0x00000000   Number         0  dscalb.o ABSOLUTE
    ../fplib/microlib/fpsqrt.c               0x00000000   Number         0  dsqrt.o ABSOLUTE
    ../mathlib/atof.c                        0x00000000   Number         0  atof.o ABSOLUTE
    ../mathlib/dunder.c                      0x00000000   Number         0  dunder.o ABSOLUTE
    ../mathlib/fpclassify.c                  0x00000000   Number         0  fpclassify.o ABSOLUTE
    ../mathlib/poly.c                        0x00000000   Number         0  poly.o ABSOLUTE
    ../mathlib/pow.c                         0x00000000   Number         0  pow.o ABSOLUTE
    ../mathlib/qnan.c                        0x00000000   Number         0  qnan.o ABSOLUTE
    ../mathlib/sqrt.c                        0x00000000   Number         0  sqrt.o ABSOLUTE
    Button.c                                 0x00000000   Number         0  button.o ABSOLUTE
    DHT.c                                    0x00000000   Number         0  dht.o ABSOLUTE
    MathExtern.c                             0x00000000   Number         0  mathextern.o ABSOLUTE
    RTC.c                                    0x00000000   Number         0  rtc.o ABSOLUTE
    UART.c                                   0x00000000   Number         0  uart.o ABSOLUTE
    cdrcmple.s                               0x00000000   Number         0  cdrcmple.o ABSOLUTE
    dc.s                                     0x00000000   Number         0  dc.o ABSOLUTE
    display.c                                0x00000000   Number         0  display.o ABSOLUTE
    flash.c                                  0x00000000   Number         0  flash.o ABSOLUTE
    fonts.c                                  0x00000000   Number         0  fonts.o ABSOLUTE
    handlers.s                               0x00000000   Number         0  handlers.o ABSOLUTE
    init.s                                   0x00000000   Number         0  init.o ABSOLUTE
    key.c                                    0x00000000   Number         0  key.o ABSOLUTE
    main.c                                   0x00000000   Number         0  main.o ABSOLUTE
    ssd1306.c                                0x00000000   Number         0  ssd1306.o ABSOLUTE
    startup_stm32f103xb.s                    0x00000000   Number         0  startup_stm32f103xb.o ABSOLUTE
    stm32f1xx_hal.c                          0x00000000   Number         0  stm32f1xx_hal.o ABSOLUTE
    stm32f1xx_hal_adc.c                      0x00000000   Number         0  stm32f1xx_hal_adc.o ABSOLUTE
    stm32f1xx_hal_adc_ex.c                   0x00000000   Number         0  stm32f1xx_hal_adc_ex.o ABSOLUTE
    stm32f1xx_hal_cortex.c                   0x00000000   Number         0  stm32f1xx_hal_cortex.o ABSOLUTE
    stm32f1xx_hal_dma.c                      0x00000000   Number         0  stm32f1xx_hal_dma.o ABSOLUTE
    stm32f1xx_hal_exti.c                     0x00000000   Number         0  stm32f1xx_hal_exti.o ABSOLUTE
    stm32f1xx_hal_flash.c                    0x00000000   Number         0  stm32f1xx_hal_flash.o ABSOLUTE
    stm32f1xx_hal_flash_ex.c                 0x00000000   Number         0  stm32f1xx_hal_flash_ex.o ABSOLUTE
    stm32f1xx_hal_gpio.c                     0x00000000   Number         0  stm32f1xx_hal_gpio.o ABSOLUTE
    stm32f1xx_hal_gpio_ex.c                  0x00000000   Number         0  stm32f1xx_hal_gpio_ex.o ABSOLUTE
    stm32f1xx_hal_i2c.c                      0x00000000   Number         0  stm32f1xx_hal_i2c.o ABSOLUTE
    stm32f1xx_hal_msp.c                      0x00000000   Number         0  stm32f1xx_hal_msp.o ABSOLUTE
    stm32f1xx_hal_pwr.c                      0x00000000   Number         0  stm32f1xx_hal_pwr.o ABSOLUTE
    stm32f1xx_hal_rcc.c                      0x00000000   Number         0  stm32f1xx_hal_rcc.o ABSOLUTE
    stm32f1xx_hal_rcc_ex.c                   0x00000000   Number         0  stm32f1xx_hal_rcc_ex.o ABSOLUTE
    stm32f1xx_hal_tim.c                      0x00000000   Number         0  stm32f1xx_hal_tim.o ABSOLUTE
    stm32f1xx_hal_tim_ex.c                   0x00000000   Number         0  stm32f1xx_hal_tim_ex.o ABSOLUTE
    stm32f1xx_hal_uart.c                     0x00000000   Number         0  stm32f1xx_hal_uart.o ABSOLUTE
    stm32f1xx_it.c                           0x00000000   Number         0  stm32f1xx_it.o ABSOLUTE
    system_stm32f1xx.c                       0x00000000   Number         0  system_stm32f1xx.o ABSOLUTE
    test.c                                   0x00000000   Number         0  test.o ABSOLUTE
    RESET                                    0x08000000   Section      236  startup_stm32f103xb.o(RESET)
    .ARM.Collect$$$$00000000                 0x080000ec   Section        0  entry.o(.ARM.Collect$$$$00000000)
    .ARM.Collect$$$$00000001                 0x080000ec   Section        4  entry2.o(.ARM.Collect$$$$00000001)
    .ARM.Collect$$$$00000004                 0x080000f0   Section        4  entry5.o(.ARM.Collect$$$$00000004)
    .ARM.Collect$$$$00000008                 0x080000f4   Section        0  entry7b.o(.ARM.Collect$$$$00000008)
    .ARM.Collect$$$$0000000A                 0x080000f4   Section        0  entry8b.o(.ARM.Collect$$$$0000000A)
    .ARM.Collect$$$$0000000B                 0x080000f4   Section        8  entry9a.o(.ARM.Collect$$$$0000000B)
    __lit__00000000                          0x080000fc   Data           4  entry2.o(.ARM.Collect$$$$00002712)
    .ARM.Collect$$$$0000000D                 0x080000fc   Section        0  entry10a.o(.ARM.Collect$$$$0000000D)
    .ARM.Collect$$$$0000000F                 0x080000fc   Section        0  entry11a.o(.ARM.Collect$$$$0000000F)
    .ARM.Collect$$$$00002712                 0x080000fc   Section        4  entry2.o(.ARM.Collect$$$$00002712)
    .text                                    0x08000100   Section       36  startup_stm32f103xb.o(.text)
    .text                                    0x08000124   Section        0  memmovea.o(.text)
    .text                                    0x08000164   Section        0  memseta.o(.text)
    .text                                    0x08000188   Section        0  fadd.o(.text)
    .text                                    0x08000238   Section        0  fmul.o(.text)
    .text                                    0x0800029c   Section        0  fdiv.o(.text)
    .text                                    0x08000318   Section        0  dadd.o(.text)
    .text                                    0x08000466   Section        0  dmul.o(.text)
    .text                                    0x0800054a   Section        0  ddiv.o(.text)
    .text                                    0x08000628   Section        0  dcmple.o(.text)
    .text                                    0x0800065e   Section        0  dflti.o(.text)
    .text                                    0x08000680   Section        0  dfltui.o(.text)
    .text                                    0x0800069a   Section        0  ffixi.o(.text)
    .text                                    0x080006cc   Section        0  dfixi.o(.text)
    .text                                    0x0800070a   Section        0  f2d.o(.text)
    .text                                    0x08000730   Section        0  d2f.o(.text)
    .text                                    0x08000768   Section        0  llshl.o(.text)
    .text                                    0x08000786   Section        0  llushr.o(.text)
    .text                                    0x080007a6   Section        0  llsshr.o(.text)
    .text                                    0x080007ca   Section        0  iusefp.o(.text)
    .text                                    0x080007ca   Section        0  fepilogue.o(.text)
    .text                                    0x08000838   Section        0  depilogue.o(.text)
    .text                                    0x080008f2   Section        0  dscalb.o(.text)
    .text                                    0x08000920   Section       48  cdrcmple.o(.text)
    .text                                    0x08000950   Section       36  init.o(.text)
    .text                                    0x08000974   Section        0  dsqrt.o(.text)
    [Anonymous Symbol]                       0x08000a18   Section        0  stm32f1xx_hal_adc.o(.text.ADC_ConversionStop_Disable)
    [Anonymous Symbol]                       0x08000a6c   Section        0  stm32f1xx_hal_adc.o(.text.ADC_Enable)
    [Anonymous Symbol]                       0x08000b24   Section        0  stm32f1xx_it.o(.text.BusFault_Handler)
    [Anonymous Symbol]                       0x08000b28   Section        0  dht.o(.text.DHT_Init)
    DHT_Read                                 0x08000b55   Thumb Code   200  dht.o(.text.DHT_Read)
    [Anonymous Symbol]                       0x08000b54   Section        0  dht.o(.text.DHT_Read)
    [Anonymous Symbol]                       0x08000c1c   Section        0  dht.o(.text.DHT_ReadTempHum)
    [Anonymous Symbol]                       0x08000d88   Section        0  stm32f1xx_it.o(.text.DebugMon_Handler)
    [Anonymous Symbol]                       0x08000d8c   Section        0  stm32f1xx_hal_flash.o(.text.FLASH_WaitForLastOperation)
    [Anonymous Symbol]                       0x08000e6c   Section        0  stm32f1xx_hal_adc_ex.o(.text.HAL_ADCEx_Calibration_Start)
    [Anonymous Symbol]                       0x08000f80   Section        0  stm32f1xx_hal_adc.o(.text.HAL_ADC_ConfigChannel)
    [Anonymous Symbol]                       0x08001114   Section        0  stm32f1xx_hal_adc.o(.text.HAL_ADC_GetValue)
    [Anonymous Symbol]                       0x0800111c   Section        0  stm32f1xx_hal_adc.o(.text.HAL_ADC_Init)
    [Anonymous Symbol]                       0x08001278   Section        0  stm32f1xx_hal_msp.o(.text.HAL_ADC_MspInit)
    [Anonymous Symbol]                       0x080012dc   Section        0  stm32f1xx_hal_adc.o(.text.HAL_ADC_PollForConversion)
    [Anonymous Symbol]                       0x08001544   Section        0  stm32f1xx_hal_adc.o(.text.HAL_ADC_Start)
    [Anonymous Symbol]                       0x08001610   Section        0  stm32f1xx_hal_adc.o(.text.HAL_ADC_Stop)
    [Anonymous Symbol]                       0x08001690   Section        0  stm32f1xx_hal.o(.text.HAL_Delay)
    [Anonymous Symbol]                       0x080016b8   Section        0  stm32f1xx_hal_flash_ex.o(.text.HAL_FLASHEx_Erase)
    [Anonymous Symbol]                       0x080017a8   Section        0  stm32f1xx_hal_flash.o(.text.HAL_FLASH_Lock)
    [Anonymous Symbol]                       0x080017bc   Section        0  stm32f1xx_hal_flash.o(.text.HAL_FLASH_Program)
    [Anonymous Symbol]                       0x08001868   Section        0  stm32f1xx_hal_flash.o(.text.HAL_FLASH_Unlock)
    [Anonymous Symbol]                       0x08001898   Section        0  stm32f1xx_hal_gpio.o(.text.HAL_GPIO_Init)
    [Anonymous Symbol]                       0x08001aac   Section        0  stm32f1xx_hal_gpio.o(.text.HAL_GPIO_ReadPin)
    [Anonymous Symbol]                       0x08001ab8   Section        0  stm32f1xx_hal_gpio.o(.text.HAL_GPIO_TogglePin)
    [Anonymous Symbol]                       0x08001ac8   Section        0  stm32f1xx_hal_gpio.o(.text.HAL_GPIO_WritePin)
    [Anonymous Symbol]                       0x08001ad4   Section        0  stm32f1xx_hal.o(.text.HAL_GetTick)
    [Anonymous Symbol]                       0x08001ae0   Section        0  stm32f1xx_hal_i2c.o(.text.HAL_I2C_Init)
    [Anonymous Symbol]                       0x08001c58   Section        0  stm32f1xx_hal_i2c.o(.text.HAL_I2C_IsDeviceReady)
    [Anonymous Symbol]                       0x08001e80   Section        0  stm32f1xx_hal_i2c.o(.text.HAL_I2C_Master_Receive)
    [Anonymous Symbol]                       0x08002560   Section        0  stm32f1xx_hal_i2c.o(.text.HAL_I2C_Master_Transmit)
    [Anonymous Symbol]                       0x080029d8   Section        0  stm32f1xx_hal_msp.o(.text.HAL_I2C_MspInit)
    [Anonymous Symbol]                       0x08002a98   Section        0  stm32f1xx_hal.o(.text.HAL_IncTick)
    [Anonymous Symbol]                       0x08002ab4   Section        0  stm32f1xx_hal.o(.text.HAL_Init)
    [Anonymous Symbol]                       0x08002adc   Section        0  stm32f1xx_hal.o(.text.HAL_InitTick)
    [Anonymous Symbol]                       0x08002b24   Section        0  stm32f1xx_hal_msp.o(.text.HAL_MspInit)
    [Anonymous Symbol]                       0x08002b68   Section        0  stm32f1xx_hal_cortex.o(.text.HAL_NVIC_SetPriority)
    [Anonymous Symbol]                       0x08002bc0   Section        0  stm32f1xx_hal_cortex.o(.text.HAL_NVIC_SetPriorityGrouping)
    [Anonymous Symbol]                       0x08002be0   Section        0  stm32f1xx_hal_rcc_ex.o(.text.HAL_RCCEx_GetPeriphCLKFreq)
    [Anonymous Symbol]                       0x08002cd0   Section        0  stm32f1xx_hal_rcc_ex.o(.text.HAL_RCCEx_PeriphCLKConfig)
    [Anonymous Symbol]                       0x08002ddc   Section        0  stm32f1xx_hal_rcc.o(.text.HAL_RCC_ClockConfig)
    [Anonymous Symbol]                       0x08002f9c   Section        0  stm32f1xx_hal_rcc.o(.text.HAL_RCC_GetPCLK1Freq)
    [Anonymous Symbol]                       0x08002fc4   Section        0  stm32f1xx_hal_rcc.o(.text.HAL_RCC_GetPCLK2Freq)
    [Anonymous Symbol]                       0x08002fec   Section        0  stm32f1xx_hal_rcc.o(.text.HAL_RCC_OscConfig)
    [Anonymous Symbol]                       0x080033a0   Section        0  stm32f1xx_hal_cortex.o(.text.HAL_SYSTICK_Config)
    [Anonymous Symbol]                       0x080033cc   Section        0  stm32f1xx_hal_tim_ex.o(.text.HAL_TIMEx_MasterConfigSynchronization)
    [Anonymous Symbol]                       0x08003448   Section        0  stm32f1xx_hal_tim.o(.text.HAL_TIM_Base_Init)
    [Anonymous Symbol]                       0x08003534   Section        0  stm32f1xx_hal_msp.o(.text.HAL_TIM_Base_MspInit)
    [Anonymous Symbol]                       0x08003568   Section        0  stm32f1xx_hal_tim.o(.text.HAL_TIM_Base_Start)
    [Anonymous Symbol]                       0x080035d0   Section        0  stm32f1xx_hal_tim.o(.text.HAL_TIM_ConfigClockSource)
    [Anonymous Symbol]                       0x08003764   Section        0  stm32f1xx_hal_msp.o(.text.HAL_TIM_MspPostInit)
    [Anonymous Symbol]                       0x080037b4   Section        0  stm32f1xx_hal_tim.o(.text.HAL_TIM_OC_ConfigChannel)
    [Anonymous Symbol]                       0x0800395c   Section        0  stm32f1xx_hal_tim.o(.text.HAL_TIM_OC_Init)
    [Anonymous Symbol]                       0x08003a48   Section        0  stm32f1xx_hal_tim.o(.text.HAL_TIM_OC_MspInit)
    [Anonymous Symbol]                       0x08003a4c   Section        0  stm32f1xx_hal_uart.o(.text.HAL_UART_Init)
    [Anonymous Symbol]                       0x08003b28   Section        0  stm32f1xx_hal_msp.o(.text.HAL_UART_MspInit)
    [Anonymous Symbol]                       0x08003ba0   Section        0  stm32f1xx_it.o(.text.HardFault_Handler)
    [Anonymous Symbol]                       0x08003ba4   Section        0  stm32f1xx_it.o(.text.MemManage_Handler)
    [Anonymous Symbol]                       0x08003ba8   Section        0  stm32f1xx_it.o(.text.NMI_Handler)
    [Anonymous Symbol]                       0x08003bac   Section        0  stm32f1xx_it.o(.text.PendSV_Handler)
    [Anonymous Symbol]                       0x08003bb0   Section        0  rtc.o(.text.RTC_Init)
    [Anonymous Symbol]                       0x08003bb4   Section        0  rtc.o(.text.RTC_ReadTime)
    [Anonymous Symbol]                       0x08003c74   Section        0  ssd1306.o(.text.SSD1306_Fill)
    [Anonymous Symbol]                       0x08003c90   Section        0  ssd1306.o(.text.SSD1306_GotoXY)
    [Anonymous Symbol]                       0x08003ca0   Section        0  ssd1306.o(.text.SSD1306_Init)
    [Anonymous Symbol]                       0x08003fa4   Section        0  ssd1306.o(.text.SSD1306_Putc)
    [Anonymous Symbol]                       0x080040a8   Section        0  ssd1306.o(.text.SSD1306_Puts)
    [Anonymous Symbol]                       0x080040d8   Section        0  ssd1306.o(.text.SSD1306_UpdateScreen)
    [Anonymous Symbol]                       0x0800417c   Section        0  stm32f1xx_it.o(.text.SVC_Handler)
    [Anonymous Symbol]                       0x08004180   Section        0  stm32f1xx_it.o(.text.SysTick_Handler)
    [Anonymous Symbol]                       0x08004184   Section        0  system_stm32f1xx.o(.text.SystemInit)
    [Anonymous Symbol]                       0x08004188   Section        0  stm32f1xx_it.o(.text.UsageFault_Handler)
    [Anonymous Symbol]                       0x0800418c   Section        0  main.o(.text.btn_press_short_callback)
    [Anonymous Symbol]                       0x08004208   Section        0  main.o(.text.btn_press_timeout_callback)
    [Anonymous Symbol]                       0x08004230   Section        0  main.o(.text.btn_pressing_callback)
    [Anonymous Symbol]                       0x08004278   Section        0  button.o(.text.btn_release_callback)
    [Anonymous Symbol]                       0x0800427c   Section        0  button.o(.text.button_handle)
    [Anonymous Symbol]                       0x08004314   Section        0  button.o(.text.button_init)
    [Anonymous Symbol]                       0x0800431c   Section        0  display.o(.text.display)
    [Anonymous Symbol]                       0x080043d4   Section        0  flash.o(.text.flash_Erase)
    [Anonymous Symbol]                       0x080043fc   Section        0  flash.o(.text.flash_Read_Array)
    [Anonymous Symbol]                       0x0800446c   Section        0  flash.o(.text.flash_Write_Array)
    [Anonymous Symbol]                       0x080044a0   Section        0  main.o(.text.getmeasured)
    [Anonymous Symbol]                       0x080045ac   Section        0  main.o(.text.main)
    [Anonymous Symbol]                       0x080049f0   Section        0  display.o(.text.menuShow)
    [Anonymous Symbol]                       0x08004acc   Section        0  mathextern.o(.text.numberToString)
    [Anonymous Symbol]                       0x08004b24   Section        0  main.o(.text.readAndDisplayPPMArrayFromFlash)
    [Anonymous Symbol]                       0x08004c7c   Section        0  display.o(.text.valueShow)
    i.__ARM_fpclassify                       0x08004e1c   Section        0  fpclassify.o(i.__ARM_fpclassify)
    i.__kernel_poly                          0x08004e44   Section        0  poly.o(i.__kernel_poly)
    i.__mathlib_dbl_divzero                  0x08004ef0   Section        0  dunder.o(i.__mathlib_dbl_divzero)
    i.__mathlib_dbl_infnan2                  0x08004f00   Section        0  dunder.o(i.__mathlib_dbl_infnan2)
    i.__mathlib_dbl_invalid                  0x08004f04   Section        0  dunder.o(i.__mathlib_dbl_invalid)
    i.__mathlib_dbl_overflow                 0x08004f10   Section        0  dunder.o(i.__mathlib_dbl_overflow)
    i.__mathlib_dbl_underflow                0x08004f20   Section        0  dunder.o(i.__mathlib_dbl_underflow)
    i.__scatterload_copy                     0x08004f30   Section       14  handlers.o(i.__scatterload_copy)
    i.__scatterload_null                     0x08004f3e   Section        2  handlers.o(i.__scatterload_null)
    i.__scatterload_zeroinit                 0x08004f40   Section       14  handlers.o(i.__scatterload_zeroinit)
    i.__set_errno                            0x08004f50   Section        0  errno.o(i.__set_errno)
    i.pow                                    0x08004f5c   Section        0  pow.o(i.pow)
    i.sqrt                                   0x08005948   Section        0  sqrt.o(i.sqrt)
    bp                                       0x08005998   Data          16  pow.o(.constdata)
    .constdata                               0x08005998   Section      136  pow.o(.constdata)
    dp_h                                     0x080059a8   Data          16  pow.o(.constdata)
    dp_l                                     0x080059b8   Data          16  pow.o(.constdata)
    L                                        0x080059c8   Data          48  pow.o(.constdata)
    P                                        0x080059f8   Data          40  pow.o(.constdata)
    .constdata                               0x08005a20   Section        8  qnan.o(.constdata)
    .L__const.HAL_RCC_GetSysClockFreq.aPredivFactorTable 0x08005a28   Data           2  stm32f1xx_hal_rcc.o(.rodata..L__const.HAL_RCC_GetSysClockFreq.aPredivFactorTable)
    .L__const.HAL_RCC_GetSysClockFreq.aPLLMULFactorTable 0x08006f0a   Data          16  stm32f1xx_hal_rcc.o(.rodata.cst16)
    .L.str.3                                 0x08006f1a   Data          14  display.o(.rodata.str1.1)
    [Anonymous Symbol]                       0x08006f1a   Section        0  display.o(.rodata.str1.1)
    .L.str.8                                 0x08006f28   Data          12  display.o(.rodata.str1.1)
    .L.str.7                                 0x08006f34   Data          15  display.o(.rodata.str1.1)
    .L.str                                   0x08006f43   Data           2  display.o(.rodata.str1.1)
    .L.str                                   0x08006f43   Data           2  display.o(.rodata.str1.1)
    .L.str.2                                 0x08006f45   Data           4  display.o(.rodata.str1.1)
    .L.str                                   0x08006f49   Data           2  mathextern.o(.rodata.str1.1)
    [Anonymous Symbol]                       0x08006f49   Section        0  mathextern.o(.rodata.str1.1)
    .L.str.1                                 0x08006f4b   Data          17  mathextern.o(.rodata.str1.1)
    _errno                                   0x20000000   Data           4  errno.o(.data)
    .data                                    0x20000000   Section        4  errno.o(.data)
    .L_MergedGlobals                         0x20000004   Data           8  main.o(.data..L_MergedGlobals)
    [Anonymous Symbol]                       0x20000004   Section        0  main.o(.data..L_MergedGlobals)
    .L_MergedGlobals                         0x2000000c   Data           8  stm32f1xx_hal.o(.data..L_MergedGlobals)
    [Anonymous Symbol]                       0x2000000c   Section        0  stm32f1xx_hal.o(.data..L_MergedGlobals)
    .L_MergedGlobals                         0x20000028   Data           6  ssd1306.o(.bss..L_MergedGlobals)
    SSD1306.2                                0x20000028   Data           1  ssd1306.o(.bss..L_MergedGlobals)
    [Anonymous Symbol]                       0x20000028   Section        0  ssd1306.o(.bss..L_MergedGlobals)
    SSD1306.0                                0x2000002a   Data           2  ssd1306.o(.bss..L_MergedGlobals)
    SSD1306.1                                0x2000002c   Data           2  ssd1306.o(.bss..L_MergedGlobals)
    .L_MergedGlobals.1                       0x20000030   Data         108  main.o(.bss..L_MergedGlobals.1)
    [Anonymous Symbol]                       0x20000030   Section        0  main.o(.bss..L_MergedGlobals.1)
    .L_MergedGlobals.2                       0x2000009c   Data          92  main.o(.bss..L_MergedGlobals.2)
    [Anonymous Symbol]                       0x2000009c   Section        0  main.o(.bss..L_MergedGlobals.2)
    .L_MergedGlobals.3                       0x200000f8   Data         116  main.o(.bss..L_MergedGlobals.3)
    [Anonymous Symbol]                       0x200000f8   Section        0  main.o(.bss..L_MergedGlobals.3)
    SSD1306_Buffer                           0x2000016c   Data        1024  ssd1306.o(.bss.SSD1306_Buffer)
    [Anonymous Symbol]                       0x2000016c   Section        0  ssd1306.o(.bss.SSD1306_Buffer)
    numberToString.buf                       0x2000065c   Data          32  mathextern.o(.bss.numberToString.buf)
    [Anonymous Symbol]                       0x2000065c   Section        0  mathextern.o(.bss.numberToString.buf)
    STACK                                    0x200006a8   Section     1024  startup_stm32f103xb.o(STACK)

    Global Symbols

    Symbol Name                              Value     Ov Type        Size  Object(Section)

    BuildAttributes$$THM_ISAv4$P$D$K$B$S$PE$A:L22UL41UL21$X:L11$S22US41US21$IEEE1$IW$~IW$USESV6$~STKCKD$USESV7$~SHL$OTIME$ROPI$IEEEX$EBA8$MICROLIB$REQ8$PRES8$EABIv2 0x00000000   Number         0  anon$$obj.o ABSOLUTE
    __cpp_initialize__aeabi_                  - Undefined Weak Reference
    __cxa_finalize                            - Undefined Weak Reference
    __decompress                              - Undefined Weak Reference
    _clock_init                               - Undefined Weak Reference
    _microlib_exit                            - Undefined Weak Reference
    __Vectors_Size                           0x000000ec   Number         0  startup_stm32f103xb.o ABSOLUTE
    __Vectors                                0x08000000   Data           4  startup_stm32f103xb.o(RESET)
    __Vectors_End                            0x080000ec   Data           0  startup_stm32f103xb.o(RESET)
    __main                                   0x080000ed   Thumb Code     0  entry.o(.ARM.Collect$$$$00000000)
    _main_stk                                0x080000ed   Thumb Code     0  entry2.o(.ARM.Collect$$$$00000001)
    _main_scatterload                        0x080000f1   Thumb Code     0  entry5.o(.ARM.Collect$$$$00000004)
    __main_after_scatterload                 0x080000f5   Thumb Code     0  entry5.o(.ARM.Collect$$$$00000004)
    _main_clock                              0x080000f5   Thumb Code     0  entry7b.o(.ARM.Collect$$$$00000008)
    _main_cpp_init                           0x080000f5   Thumb Code     0  entry8b.o(.ARM.Collect$$$$0000000A)
    _main_init                               0x080000f5   Thumb Code     0  entry9a.o(.ARM.Collect$$$$0000000B)
    __rt_final_cpp                           0x080000fd   Thumb Code     0  entry10a.o(.ARM.Collect$$$$0000000D)
    __rt_final_exit                          0x080000fd   Thumb Code     0  entry11a.o(.ARM.Collect$$$$0000000F)
    Reset_Handler                            0x08000101   Thumb Code     8  startup_stm32f103xb.o(.text)
    ADC1_2_IRQHandler                        0x0800011b   Thumb Code     0  startup_stm32f103xb.o(.text)
    CAN1_RX1_IRQHandler                      0x0800011b   Thumb Code     0  startup_stm32f103xb.o(.text)
    CAN1_SCE_IRQHandler                      0x0800011b   Thumb Code     0  startup_stm32f103xb.o(.text)
    DMA1_Channel1_IRQHandler                 0x0800011b   Thumb Code     0  startup_stm32f103xb.o(.text)
    DMA1_Channel2_IRQHandler                 0x0800011b   Thumb Code     0  startup_stm32f103xb.o(.text)
    DMA1_Channel3_IRQHandler                 0x0800011b   Thumb Code     0  startup_stm32f103xb.o(.text)
    DMA1_Channel4_IRQHandler                 0x0800011b   Thumb Code     0  startup_stm32f103xb.o(.text)
    DMA1_Channel5_IRQHandler                 0x0800011b   Thumb Code     0  startup_stm32f103xb.o(.text)
    DMA1_Channel6_IRQHandler                 0x0800011b   Thumb Code     0  startup_stm32f103xb.o(.text)
    DMA1_Channel7_IRQHandler                 0x0800011b   Thumb Code     0  startup_stm32f103xb.o(.text)
    EXTI0_IRQHandler                         0x0800011b   Thumb Code     0  startup_stm32f103xb.o(.text)
    EXTI15_10_IRQHandler                     0x0800011b   Thumb Code     0  startup_stm32f103xb.o(.text)
    EXTI1_IRQHandler                         0x0800011b   Thumb Code     0  startup_stm32f103xb.o(.text)
    EXTI2_IRQHandler                         0x0800011b   Thumb Code     0  startup_stm32f103xb.o(.text)
    EXTI3_IRQHandler                         0x0800011b   Thumb Code     0  startup_stm32f103xb.o(.text)
    EXTI4_IRQHandler                         0x0800011b   Thumb Code     0  startup_stm32f103xb.o(.text)
    EXTI9_5_IRQHandler                       0x0800011b   Thumb Code     0  startup_stm32f103xb.o(.text)
    FLASH_IRQHandler                         0x0800011b   Thumb Code     0  startup_stm32f103xb.o(.text)
    I2C1_ER_IRQHandler                       0x0800011b   Thumb Code     0  startup_stm32f103xb.o(.text)
    I2C1_EV_IRQHandler                       0x0800011b   Thumb Code     0  startup_stm32f103xb.o(.text)
    I2C2_ER_IRQHandler                       0x0800011b   Thumb Code     0  startup_stm32f103xb.o(.text)
    I2C2_EV_IRQHandler                       0x0800011b   Thumb Code     0  startup_stm32f103xb.o(.text)
    PVD_IRQHandler                           0x0800011b   Thumb Code     0  startup_stm32f103xb.o(.text)
    RCC_IRQHandler                           0x0800011b   Thumb Code     0  startup_stm32f103xb.o(.text)
    RTC_Alarm_IRQHandler                     0x0800011b   Thumb Code     0  startup_stm32f103xb.o(.text)
    RTC_IRQHandler                           0x0800011b   Thumb Code     0  startup_stm32f103xb.o(.text)
    SPI1_IRQHandler                          0x0800011b   Thumb Code     0  startup_stm32f103xb.o(.text)
    SPI2_IRQHandler                          0x0800011b   Thumb Code     0  startup_stm32f103xb.o(.text)
    TAMPER_IRQHandler                        0x0800011b   Thumb Code     0  startup_stm32f103xb.o(.text)
    TIM1_BRK_IRQHandler                      0x0800011b   Thumb Code     0  startup_stm32f103xb.o(.text)
    TIM1_CC_IRQHandler                       0x0800011b   Thumb Code     0  startup_stm32f103xb.o(.text)
    TIM1_TRG_COM_IRQHandler                  0x0800011b   Thumb Code     0  startup_stm32f103xb.o(.text)
    TIM1_UP_IRQHandler                       0x0800011b   Thumb Code     0  startup_stm32f103xb.o(.text)
    TIM2_IRQHandler                          0x0800011b   Thumb Code     0  startup_stm32f103xb.o(.text)
    TIM3_IRQHandler                          0x0800011b   Thumb Code     0  startup_stm32f103xb.o(.text)
    TIM4_IRQHandler                          0x0800011b   Thumb Code     0  startup_stm32f103xb.o(.text)
    USART1_IRQHandler                        0x0800011b   Thumb Code     0  startup_stm32f103xb.o(.text)
    USART2_IRQHandler                        0x0800011b   Thumb Code     0  startup_stm32f103xb.o(.text)
    USART3_IRQHandler                        0x0800011b   Thumb Code     0  startup_stm32f103xb.o(.text)
    USBWakeUp_IRQHandler                     0x0800011b   Thumb Code     0  startup_stm32f103xb.o(.text)
    USB_HP_CAN1_TX_IRQHandler                0x0800011b   Thumb Code     0  startup_stm32f103xb.o(.text)
    USB_LP_CAN1_RX0_IRQHandler               0x0800011b   Thumb Code     0  startup_stm32f103xb.o(.text)
    WWDG_IRQHandler                          0x0800011b   Thumb Code     0  startup_stm32f103xb.o(.text)
    ___aeabi_memcpy4$move                    0x08000125   Thumb Code     0  memmovea.o(.text)
    ___aeabi_memcpy8$move                    0x08000125   Thumb Code     0  memmovea.o(.text)
    __aeabi_memcpy                           0x08000125   Thumb Code    64  memmovea.o(.text)
    __aeabi_memmove                          0x08000125   Thumb Code     0  memmovea.o(.text)
    __aeabi_memmove4                         0x08000125   Thumb Code     0  memmovea.o(.text)
    __aeabi_memmove8                         0x08000125   Thumb Code     0  memmovea.o(.text)
    __aeabi_memset                           0x08000165   Thumb Code    14  memseta.o(.text)
    __aeabi_memset4                          0x08000165   Thumb Code     0  memseta.o(.text)
    __aeabi_memset8                          0x08000165   Thumb Code     0  memseta.o(.text)
    __aeabi_memclr                           0x08000173   Thumb Code     4  memseta.o(.text)
    __aeabi_memclr4                          0x08000173   Thumb Code     0  memseta.o(.text)
    __aeabi_memclr8                          0x08000173   Thumb Code     0  memseta.o(.text)
    _memset$wrapper                          0x08000177   Thumb Code    18  memseta.o(.text)
    __aeabi_fadd                             0x08000189   Thumb Code   164  fadd.o(.text)
    __aeabi_fsub                             0x0800022d   Thumb Code     6  fadd.o(.text)
    __aeabi_frsub                            0x08000233   Thumb Code     6  fadd.o(.text)
    __aeabi_fmul                             0x08000239   Thumb Code   100  fmul.o(.text)
    __aeabi_fdiv                             0x0800029d   Thumb Code   124  fdiv.o(.text)
    __aeabi_dadd                             0x08000319   Thumb Code   322  dadd.o(.text)
    __aeabi_dsub                             0x0800045b   Thumb Code     6  dadd.o(.text)
    __aeabi_drsub                            0x08000461   Thumb Code     6  dadd.o(.text)
    __aeabi_dmul                             0x08000467   Thumb Code   228  dmul.o(.text)
    __aeabi_ddiv                             0x0800054b   Thumb Code   222  ddiv.o(.text)
    __aeabi_dcmple                           0x08000629   Thumb Code    54  dcmple.o(.text)
    __aeabi_i2d                              0x0800065f   Thumb Code    34  dflti.o(.text)
    __aeabi_ui2d                             0x08000681   Thumb Code    26  dfltui.o(.text)
    __aeabi_f2iz                             0x0800069b   Thumb Code    50  ffixi.o(.text)
    __aeabi_d2iz                             0x080006cd   Thumb Code    62  dfixi.o(.text)
    __aeabi_f2d                              0x0800070b   Thumb Code    38  f2d.o(.text)
    __aeabi_d2f                              0x08000731   Thumb Code    56  d2f.o(.text)
    __aeabi_llsl                             0x08000769   Thumb Code    30  llshl.o(.text)
    _ll_shift_l                              0x08000769   Thumb Code     0  llshl.o(.text)
    __aeabi_llsr                             0x08000787   Thumb Code    32  llushr.o(.text)
    _ll_ushift_r                             0x08000787   Thumb Code     0  llushr.o(.text)
    __aeabi_lasr                             0x080007a7   Thumb Code    36  llsshr.o(.text)
    _ll_sshift_r                             0x080007a7   Thumb Code     0  llsshr.o(.text)
    __I$use$fp                               0x080007cb   Thumb Code     0  iusefp.o(.text)
    _float_round                             0x080007cb   Thumb Code    18  fepilogue.o(.text)
    _float_epilogue                          0x080007dd   Thumb Code    92  fepilogue.o(.text)
    _double_round                            0x08000839   Thumb Code    30  depilogue.o(.text)
    _double_epilogue                         0x08000857   Thumb Code   156  depilogue.o(.text)
    __ARM_scalbn                             0x080008f3   Thumb Code    46  dscalb.o(.text)
    scalbn                                   0x080008f3   Thumb Code     0  dscalb.o(.text)
    __aeabi_cdrcmple                         0x08000921   Thumb Code    48  cdrcmple.o(.text)
    __scatterload                            0x08000951   Thumb Code    28  init.o(.text)
    __scatterload_rt2                        0x08000951   Thumb Code     0  init.o(.text)
    _dsqrt                                   0x08000975   Thumb Code   162  dsqrt.o(.text)
    ADC_ConversionStop_Disable               0x08000a19   Thumb Code    84  stm32f1xx_hal_adc.o(.text.ADC_ConversionStop_Disable)
    ADC_Enable                               0x08000a6d   Thumb Code   182  stm32f1xx_hal_adc.o(.text.ADC_Enable)
    BusFault_Handler                         0x08000b25   Thumb Code     2  stm32f1xx_it.o(.text.BusFault_Handler)
    DHT_Init                                 0x08000b29   Thumb Code    42  dht.o(.text.DHT_Init)
    DHT_ReadTempHum                          0x08000c1d   Thumb Code   362  dht.o(.text.DHT_ReadTempHum)
    DebugMon_Handler                         0x08000d89   Thumb Code     2  stm32f1xx_it.o(.text.DebugMon_Handler)
    FLASH_WaitForLastOperation               0x08000d8d   Thumb Code   224  stm32f1xx_hal_flash.o(.text.FLASH_WaitForLastOperation)
    HAL_ADCEx_Calibration_Start              0x08000e6d   Thumb Code   276  stm32f1xx_hal_adc_ex.o(.text.HAL_ADCEx_Calibration_Start)
    HAL_ADC_ConfigChannel                    0x08000f81   Thumb Code   404  stm32f1xx_hal_adc.o(.text.HAL_ADC_ConfigChannel)
    HAL_ADC_GetValue                         0x08001115   Thumb Code     6  stm32f1xx_hal_adc.o(.text.HAL_ADC_GetValue)
    HAL_ADC_Init                             0x0800111d   Thumb Code   348  stm32f1xx_hal_adc.o(.text.HAL_ADC_Init)
    HAL_ADC_MspInit                          0x08001279   Thumb Code    98  stm32f1xx_hal_msp.o(.text.HAL_ADC_MspInit)
    HAL_ADC_PollForConversion                0x080012dd   Thumb Code   616  stm32f1xx_hal_adc.o(.text.HAL_ADC_PollForConversion)
    HAL_ADC_Start                            0x08001545   Thumb Code   204  stm32f1xx_hal_adc.o(.text.HAL_ADC_Start)
    HAL_ADC_Stop                             0x08001611   Thumb Code   126  stm32f1xx_hal_adc.o(.text.HAL_ADC_Stop)
    HAL_Delay                                0x08001691   Thumb Code    40  stm32f1xx_hal.o(.text.HAL_Delay)
    HAL_FLASHEx_Erase                        0x080016b9   Thumb Code   238  stm32f1xx_hal_flash_ex.o(.text.HAL_FLASHEx_Erase)
    HAL_FLASH_Lock                           0x080017a9   Thumb Code    20  stm32f1xx_hal_flash.o(.text.HAL_FLASH_Lock)
    HAL_FLASH_Program                        0x080017bd   Thumb Code   172  stm32f1xx_hal_flash.o(.text.HAL_FLASH_Program)
    HAL_FLASH_Unlock                         0x08001869   Thumb Code    46  stm32f1xx_hal_flash.o(.text.HAL_FLASH_Unlock)
    HAL_GPIO_Init                            0x08001899   Thumb Code   530  stm32f1xx_hal_gpio.o(.text.HAL_GPIO_Init)
    HAL_GPIO_ReadPin                         0x08001aad   Thumb Code    10  stm32f1xx_hal_gpio.o(.text.HAL_GPIO_ReadPin)
    HAL_GPIO_TogglePin                       0x08001ab9   Thumb Code    16  stm32f1xx_hal_gpio.o(.text.HAL_GPIO_TogglePin)
    HAL_GPIO_WritePin                        0x08001ac9   Thumb Code    10  stm32f1xx_hal_gpio.o(.text.HAL_GPIO_WritePin)
    HAL_GetTick                              0x08001ad5   Thumb Code    12  stm32f1xx_hal.o(.text.HAL_GetTick)
    HAL_I2C_Init                             0x08001ae1   Thumb Code   374  stm32f1xx_hal_i2c.o(.text.HAL_I2C_Init)
    HAL_I2C_IsDeviceReady                    0x08001c59   Thumb Code   550  stm32f1xx_hal_i2c.o(.text.HAL_I2C_IsDeviceReady)
    HAL_I2C_Master_Receive                   0x08001e81   Thumb Code  1758  stm32f1xx_hal_i2c.o(.text.HAL_I2C_Master_Receive)
    HAL_I2C_Master_Transmit                  0x08002561   Thumb Code  1144  stm32f1xx_hal_i2c.o(.text.HAL_I2C_Master_Transmit)
    HAL_I2C_MspInit                          0x080029d9   Thumb Code   192  stm32f1xx_hal_msp.o(.text.HAL_I2C_MspInit)
    HAL_IncTick                              0x08002a99   Thumb Code    26  stm32f1xx_hal.o(.text.HAL_IncTick)
    HAL_Init                                 0x08002ab5   Thumb Code    38  stm32f1xx_hal.o(.text.HAL_Init)
    HAL_InitTick                             0x08002add   Thumb Code    72  stm32f1xx_hal.o(.text.HAL_InitTick)
    HAL_MspInit                              0x08002b25   Thumb Code    66  stm32f1xx_hal_msp.o(.text.HAL_MspInit)
    HAL_NVIC_SetPriority                     0x08002b69   Thumb Code    86  stm32f1xx_hal_cortex.o(.text.HAL_NVIC_SetPriority)
    HAL_NVIC_SetPriorityGrouping             0x08002bc1   Thumb Code    32  stm32f1xx_hal_cortex.o(.text.HAL_NVIC_SetPriorityGrouping)
    HAL_RCCEx_GetPeriphCLKFreq               0x08002be1   Thumb Code   220  stm32f1xx_hal_rcc_ex.o(.text.HAL_RCCEx_GetPeriphCLKFreq)
    HAL_RCCEx_PeriphCLKConfig                0x08002cd1   Thumb Code   266  stm32f1xx_hal_rcc_ex.o(.text.HAL_RCCEx_PeriphCLKConfig)
    HAL_RCC_ClockConfig                      0x08002ddd   Thumb Code   446  stm32f1xx_hal_rcc.o(.text.HAL_RCC_ClockConfig)
    HAL_RCC_GetPCLK1Freq                     0x08002f9d   Thumb Code    38  stm32f1xx_hal_rcc.o(.text.HAL_RCC_GetPCLK1Freq)
    HAL_RCC_GetPCLK2Freq                     0x08002fc5   Thumb Code    38  stm32f1xx_hal_rcc.o(.text.HAL_RCC_GetPCLK2Freq)
    HAL_RCC_OscConfig                        0x08002fed   Thumb Code   948  stm32f1xx_hal_rcc.o(.text.HAL_RCC_OscConfig)
    HAL_SYSTICK_Config                       0x080033a1   Thumb Code    44  stm32f1xx_hal_cortex.o(.text.HAL_SYSTICK_Config)
    HAL_TIMEx_MasterConfigSynchronization    0x080033cd   Thumb Code   122  stm32f1xx_hal_tim_ex.o(.text.HAL_TIMEx_MasterConfigSynchronization)
    HAL_TIM_Base_Init                        0x08003449   Thumb Code   236  stm32f1xx_hal_tim.o(.text.HAL_TIM_Base_Init)
    HAL_TIM_Base_MspInit                     0x08003535   Thumb Code    50  stm32f1xx_hal_msp.o(.text.HAL_TIM_Base_MspInit)
    HAL_TIM_Base_Start                       0x08003569   Thumb Code   102  stm32f1xx_hal_tim.o(.text.HAL_TIM_Base_Start)
    HAL_TIM_ConfigClockSource                0x080035d1   Thumb Code   402  stm32f1xx_hal_tim.o(.text.HAL_TIM_ConfigClockSource)
    HAL_TIM_MspPostInit                      0x08003765   Thumb Code    80  stm32f1xx_hal_msp.o(.text.HAL_TIM_MspPostInit)
    HAL_TIM_OC_ConfigChannel                 0x080037b5   Thumb Code   424  stm32f1xx_hal_tim.o(.text.HAL_TIM_OC_ConfigChannel)
    HAL_TIM_OC_Init                          0x0800395d   Thumb Code   236  stm32f1xx_hal_tim.o(.text.HAL_TIM_OC_Init)
    HAL_TIM_OC_MspInit                       0x08003a49   Thumb Code     2  stm32f1xx_hal_tim.o(.text.HAL_TIM_OC_MspInit)
    HAL_UART_Init                            0x08003a4d   Thumb Code   220  stm32f1xx_hal_uart.o(.text.HAL_UART_Init)
    HAL_UART_MspInit                         0x08003b29   Thumb Code   118  stm32f1xx_hal_msp.o(.text.HAL_UART_MspInit)
    HardFault_Handler                        0x08003ba1   Thumb Code     2  stm32f1xx_it.o(.text.HardFault_Handler)
    MemManage_Handler                        0x08003ba5   Thumb Code     2  stm32f1xx_it.o(.text.MemManage_Handler)
    NMI_Handler                              0x08003ba9   Thumb Code     2  stm32f1xx_it.o(.text.NMI_Handler)
    PendSV_Handler                           0x08003bad   Thumb Code     2  stm32f1xx_it.o(.text.PendSV_Handler)
    RTC_Init                                 0x08003bb1   Thumb Code     4  rtc.o(.text.RTC_Init)
    RTC_ReadTime                             0x08003bb5   Thumb Code   190  rtc.o(.text.RTC_ReadTime)
    SSD1306_Fill                             0x08003c75   Thumb Code    28  ssd1306.o(.text.SSD1306_Fill)
    SSD1306_GotoXY                           0x08003c91   Thumb Code    14  ssd1306.o(.text.SSD1306_GotoXY)
    SSD1306_Init                             0x08003ca1   Thumb Code   772  ssd1306.o(.text.SSD1306_Init)
    SSD1306_Putc                             0x08003fa5   Thumb Code   258  ssd1306.o(.text.SSD1306_Putc)
    SSD1306_Puts                             0x080040a9   Thumb Code    48  ssd1306.o(.text.SSD1306_Puts)
    SSD1306_UpdateScreen                     0x080040d9   Thumb Code   164  ssd1306.o(.text.SSD1306_UpdateScreen)
    SVC_Handler                              0x0800417d   Thumb Code     2  stm32f1xx_it.o(.text.SVC_Handler)
    SysTick_Handler                          0x08004181   Thumb Code     4  stm32f1xx_it.o(.text.SysTick_Handler)
    SystemInit                               0x08004185   Thumb Code     2  system_stm32f1xx.o(.text.SystemInit)
    UsageFault_Handler                       0x08004189   Thumb Code     2  stm32f1xx_it.o(.text.UsageFault_Handler)
    btn_press_short_callback                 0x0800418d   Thumb Code   122  main.o(.text.btn_press_short_callback)
    btn_press_timeout_callback               0x08004209   Thumb Code    40  main.o(.text.btn_press_timeout_callback)
    btn_pressing_callback                    0x08004231   Thumb Code    70  main.o(.text.btn_pressing_callback)
    btn_release_callback                     0x08004279   Thumb Code     2  button.o(.text.btn_release_callback)
    button_handle                            0x0800427d   Thumb Code   150  button.o(.text.button_handle)
    button_init                              0x08004315   Thumb Code     6  button.o(.text.button_init)
    display                                  0x0800431d   Thumb Code   182  display.o(.text.display)
    flash_Erase                              0x080043d5   Thumb Code    38  flash.o(.text.flash_Erase)
    flash_Read_Array                         0x080043fd   Thumb Code   112  flash.o(.text.flash_Read_Array)
    flash_Write_Array                        0x0800446d   Thumb Code    50  flash.o(.text.flash_Write_Array)
    getmeasured                              0x080044a1   Thumb Code   266  main.o(.text.getmeasured)
    main                                     0x080045ad   Thumb Code  1090  main.o(.text.main)
    menuShow                                 0x080049f1   Thumb Code   196  display.o(.text.menuShow)
    numberToString                           0x08004acd   Thumb Code    86  mathextern.o(.text.numberToString)
    readAndDisplayPPMArrayFromFlash          0x08004b25   Thumb Code   342  main.o(.text.readAndDisplayPPMArrayFromFlash)
    valueShow                                0x08004c7d   Thumb Code   400  display.o(.text.valueShow)
    __ARM_fpclassify                         0x08004e1d   Thumb Code    40  fpclassify.o(i.__ARM_fpclassify)
    __kernel_poly                            0x08004e45   Thumb Code   170  poly.o(i.__kernel_poly)
    __mathlib_dbl_divzero                    0x08004ef1   Thumb Code    12  dunder.o(i.__mathlib_dbl_divzero)
    __mathlib_dbl_infnan2                    0x08004f01   Thumb Code     4  dunder.o(i.__mathlib_dbl_infnan2)
    __mathlib_dbl_invalid                    0x08004f05   Thumb Code    12  dunder.o(i.__mathlib_dbl_invalid)
    __mathlib_dbl_overflow                   0x08004f11   Thumb Code    14  dunder.o(i.__mathlib_dbl_overflow)
    __mathlib_dbl_underflow                  0x08004f21   Thumb Code    10  dunder.o(i.__mathlib_dbl_underflow)
    __scatterload_copy                       0x08004f31   Thumb Code    14  handlers.o(i.__scatterload_copy)
    __scatterload_null                       0x08004f3f   Thumb Code     2  handlers.o(i.__scatterload_null)
    __scatterload_zeroinit                   0x08004f41   Thumb Code    14  handlers.o(i.__scatterload_zeroinit)
    __set_errno                              0x08004f51   Thumb Code     6  errno.o(i.__set_errno)
    pow                                      0x08004f5d   Thumb Code  2532  pow.o(i.pow)
    sqrt                                     0x08005949   Thumb Code    76  sqrt.o(i.sqrt)
    __mathlib_zero                           0x08005a20   Data           8  qnan.o(.constdata)
    AHBPrescTable                            0x08005a2a   Data          16  system_stm32f1xx.o(.rodata.AHBPrescTable)
    APBPrescTable                            0x08005a3a   Data           8  system_stm32f1xx.o(.rodata.APBPrescTable)
    Font11x18                                0x08005a42   Data        3420  fonts.o(.rodata.Font11x18)
    Font7x10                                 0x0800679e   Data        1900  fonts.o(.rodata.Font7x10)
    Region$$Table$$Base                      0x08006f5c   Number         0  anon$$obj.o(Region$$Table)
    Region$$Table$$Limit                     0x08006f7c   Number         0  anon$$obj.o(Region$$Table)
    Ro                                       0x20000004   Data           4  main.o(.data..L_MergedGlobals)
    RL                                       0x20000008   Data           4  main.o(.data..L_MergedGlobals)
    uwTickFreq                               0x2000000c   Data           1  stm32f1xx_hal.o(.data..L_MergedGlobals)
    uwTickPrio                               0x20000010   Data           4  stm32f1xx_hal.o(.data..L_MergedGlobals)
    Font_11x18                               0x20000014   Data           8  fonts.o(.data.Font_11x18)
    Font_7x10                                0x2000001c   Data           8  fonts.o(.data.Font_7x10)
    SystemCoreClock                          0x20000024   Data           4  system_stm32f1xx.o(.data.SystemCoreClock)
    menu                                     0x20000030   Data           1  main.o(.bss..L_MergedGlobals.1)
    gas_change                               0x20000031   Data           1  main.o(.bss..L_MergedGlobals.1)
    display_se                               0x20000032   Data           1  main.o(.bss..L_MergedGlobals.1)
    adc1                                     0x20000034   Data           2  main.o(.bss..L_MergedGlobals.1)
    Rs                                       0x20000038   Data           4  main.o(.bss..L_MergedGlobals.1)
    timecurrent                              0x2000003c   Data           4  main.o(.bss..L_MergedGlobals.1)
    ppm                                      0x20000040   Data           8  main.o(.bss..L_MergedGlobals.1)
    hrtc1                                    0x20000048   Data          12  main.o(.bss..L_MergedGlobals.1)
    button3                                  0x20000054   Data          24  main.o(.bss..L_MergedGlobals.1)
    button4                                  0x2000006c   Data          24  main.o(.bss..L_MergedGlobals.1)
    button1                                  0x20000084   Data          24  main.o(.bss..L_MergedGlobals.1)
    button2                                  0x2000009c   Data          24  main.o(.bss..L_MergedGlobals.2)
    dht22                                    0x200000b4   Data          28  main.o(.bss..L_MergedGlobals.2)
    ppmArray                                 0x200000d0   Data          40  main.o(.bss..L_MergedGlobals.2)
    hadc1                                    0x200000f8   Data          48  main.o(.bss..L_MergedGlobals.3)
    huart2                                   0x20000128   Data          68  main.o(.bss..L_MergedGlobals.3)
    hi2c1                                    0x2000056c   Data          84  main.o(.bss.hi2c1)
    hi2c2                                    0x200005c0   Data          84  main.o(.bss.hi2c2)
    htim4                                    0x20000614   Data          72  main.o(.bss.htim4)
    pFlash                                   0x20000680   Data          32  stm32f1xx_hal_flash.o(.bss.pFlash)
    uwTick                                   0x200006a0   Data           4  stm32f1xx_hal.o(.bss.uwTick)
    __initial_sp                             0x20000aa8   Data           0  startup_stm32f103xb.o(STACK)



==============================================================================

Memory Map of the image

  Image Entry point : 0x080000ed

  Load Region LR_IROM1 (Base: 0x08000000, Size: 0x00006fa8, Max: 0x00010000, ABSOLUTE)

    Execution Region ER_IROM1 (Exec base: 0x08000000, Load base: 0x08000000, Size: 0x00006f7c, Max: 0x00010000, ABSOLUTE)

    Exec Addr    Load Addr    Size         Type   Attr      Idx    E Section Name        Object

    0x08000000   0x08000000   0x000000ec   Data   RO            3    RESET               startup_stm32f103xb.o
    0x080000ec   0x080000ec   0x00000000   Code   RO         1393  * .ARM.Collect$$$$00000000  mc_w.l(entry.o)
    0x080000ec   0x080000ec   0x00000004   Code   RO         1493    .ARM.Collect$$$$00000001  mc_w.l(entry2.o)
    0x080000f0   0x080000f0   0x00000004   Code   RO         1496    .ARM.Collect$$$$00000004  mc_w.l(entry5.o)
    0x080000f4   0x080000f4   0x00000000   Code   RO         1498    .ARM.Collect$$$$00000008  mc_w.l(entry7b.o)
    0x080000f4   0x080000f4   0x00000000   Code   RO         1500    .ARM.Collect$$$$0000000A  mc_w.l(entry8b.o)
    0x080000f4   0x080000f4   0x00000008   Code   RO         1501    .ARM.Collect$$$$0000000B  mc_w.l(entry9a.o)
    0x080000fc   0x080000fc   0x00000000   Code   RO         1503    .ARM.Collect$$$$0000000D  mc_w.l(entry10a.o)
    0x080000fc   0x080000fc   0x00000000   Code   RO         1505    .ARM.Collect$$$$0000000F  mc_w.l(entry11a.o)
    0x080000fc   0x080000fc   0x00000004   Code   RO         1494    .ARM.Collect$$$$00002712  mc_w.l(entry2.o)
    0x08000100   0x08000100   0x00000024   Code   RO            4    .text               startup_stm32f103xb.o
    0x08000124   0x08000124   0x00000040   Code   RO         1398    .text               mc_w.l(memmovea.o)
    0x08000164   0x08000164   0x00000024   Code   RO         1400    .text               mc_w.l(memseta.o)
    0x08000188   0x08000188   0x000000b0   Code   RO         1440    .text               mf_w.l(fadd.o)
    0x08000238   0x08000238   0x00000064   Code   RO         1442    .text               mf_w.l(fmul.o)
    0x0800029c   0x0800029c   0x0000007c   Code   RO         1444    .text               mf_w.l(fdiv.o)
    0x08000318   0x08000318   0x0000014e   Code   RO         1446    .text               mf_w.l(dadd.o)
    0x08000466   0x08000466   0x000000e4   Code   RO         1448    .text               mf_w.l(dmul.o)
    0x0800054a   0x0800054a   0x000000de   Code   RO         1450    .text               mf_w.l(ddiv.o)
    0x08000628   0x08000628   0x00000036   Code   RO         1456    .text               mf_w.l(dcmple.o)
    0x0800065e   0x0800065e   0x00000022   Code   RO         1458    .text               mf_w.l(dflti.o)
    0x08000680   0x08000680   0x0000001a   Code   RO         1460    .text               mf_w.l(dfltui.o)
    0x0800069a   0x0800069a   0x00000032   Code   RO         1462    .text               mf_w.l(ffixi.o)
    0x080006cc   0x080006cc   0x0000003e   Code   RO         1464    .text               mf_w.l(dfixi.o)
    0x0800070a   0x0800070a   0x00000026   Code   RO         1466    .text               mf_w.l(f2d.o)
    0x08000730   0x08000730   0x00000038   Code   RO         1468    .text               mf_w.l(d2f.o)
    0x08000768   0x08000768   0x0000001e   Code   RO         1507    .text               mc_w.l(llshl.o)
    0x08000786   0x08000786   0x00000020   Code   RO         1509    .text               mc_w.l(llushr.o)
    0x080007a6   0x080007a6   0x00000024   Code   RO         1511    .text               mc_w.l(llsshr.o)
    0x080007ca   0x080007ca   0x00000000   Code   RO         1524    .text               mc_w.l(iusefp.o)
    0x080007ca   0x080007ca   0x0000006e   Code   RO         1525    .text               mf_w.l(fepilogue.o)
    0x08000838   0x08000838   0x000000ba   Code   RO         1527    .text               mf_w.l(depilogue.o)
    0x080008f2   0x080008f2   0x0000002e   Code   RO         1529    .text               mf_w.l(dscalb.o)
    0x08000920   0x08000920   0x00000030   Code   RO         1531    .text               mf_w.l(cdrcmple.o)
    0x08000950   0x08000950   0x00000024   Code   RO         1533    .text               mc_w.l(init.o)
    0x08000974   0x08000974   0x000000a2   Code   RO         1543    .text               mf_w.l(dsqrt.o)
    0x08000a16   0x08000a16   0x00000002   PAD
    0x08000a18   0x08000a18   0x00000054   Code   RO          375    .text.ADC_ConversionStop_Disable  stm32f1xx_hal_adc.o
    0x08000a6c   0x08000a6c   0x000000b6   Code   RO          383    .text.ADC_Enable    stm32f1xx_hal_adc.o
    0x08000b22   0x08000b22   0x00000002   PAD
    0x08000b24   0x08000b24   0x00000002   Code   RO          310    .text.BusFault_Handler  stm32f1xx_it.o
    0x08000b26   0x08000b26   0x00000002   PAD
    0x08000b28   0x08000b28   0x0000002a   Code   RO          150    .text.DHT_Init      dht.o
    0x08000b52   0x08000b52   0x00000002   PAD
    0x08000b54   0x08000b54   0x000000c8   Code   RO          154    .text.DHT_Read      dht.o
    0x08000c1c   0x08000c1c   0x0000016a   Code   RO          152    .text.DHT_ReadTempHum  dht.o
    0x08000d86   0x08000d86   0x00000002   PAD
    0x08000d88   0x08000d88   0x00000002   Code   RO          316    .text.DebugMon_Handler  stm32f1xx_it.o
    0x08000d8a   0x08000d8a   0x00000002   PAD
    0x08000d8c   0x08000d8c   0x000000e0   Code   RO          721    .text.FLASH_WaitForLastOperation  stm32f1xx_hal_flash.o
    0x08000e6c   0x08000e6c   0x00000114   Code   RO          433    .text.HAL_ADCEx_Calibration_Start  stm32f1xx_hal_adc_ex.o
    0x08000f80   0x08000f80   0x00000194   Code   RO          417    .text.HAL_ADC_ConfigChannel  stm32f1xx_hal_adc.o
    0x08001114   0x08001114   0x00000006   Code   RO          405    .text.HAL_ADC_GetValue  stm32f1xx_hal_adc.o
    0x0800111a   0x0800111a   0x00000002   PAD
    0x0800111c   0x0800111c   0x0000015c   Code   RO          371    .text.HAL_ADC_Init  stm32f1xx_hal_adc.o
    0x08001278   0x08001278   0x00000062   Code   RO          331    .text.HAL_ADC_MspInit  stm32f1xx_hal_msp.o
    0x080012da   0x080012da   0x00000002   PAD
    0x080012dc   0x080012dc   0x00000268   Code   RO          387    .text.HAL_ADC_PollForConversion  stm32f1xx_hal_adc.o
    0x08001544   0x08001544   0x000000cc   Code   RO          381    .text.HAL_ADC_Start  stm32f1xx_hal_adc.o
    0x08001610   0x08001610   0x0000007e   Code   RO          385    .text.HAL_ADC_Stop  stm32f1xx_hal_adc.o
    0x0800168e   0x0800168e   0x00000002   PAD
    0x08001690   0x08001690   0x00000028   Code   RO          487    .text.HAL_Delay     stm32f1xx_hal.o
    0x080016b8   0x080016b8   0x000000ee   Code   RO          752    .text.HAL_FLASHEx_Erase  stm32f1xx_hal_flash_ex.o
    0x080017a6   0x080017a6   0x00000002   PAD
    0x080017a8   0x080017a8   0x00000014   Code   RO          733    .text.HAL_FLASH_Lock  stm32f1xx_hal_flash.o
    0x080017bc   0x080017bc   0x000000ac   Code   RO          719    .text.HAL_FLASH_Program  stm32f1xx_hal_flash.o
    0x08001868   0x08001868   0x0000002e   Code   RO          731    .text.HAL_FLASH_Unlock  stm32f1xx_hal_flash.o
    0x08001896   0x08001896   0x00000002   PAD
    0x08001898   0x08001898   0x00000212   Code   RO          579    .text.HAL_GPIO_Init  stm32f1xx_hal_gpio.o
    0x08001aaa   0x08001aaa   0x00000002   PAD
    0x08001aac   0x08001aac   0x0000000a   Code   RO          583    .text.HAL_GPIO_ReadPin  stm32f1xx_hal_gpio.o
    0x08001ab6   0x08001ab6   0x00000002   PAD
    0x08001ab8   0x08001ab8   0x00000010   Code   RO          587    .text.HAL_GPIO_TogglePin  stm32f1xx_hal_gpio.o
    0x08001ac8   0x08001ac8   0x0000000a   Code   RO          585    .text.HAL_GPIO_WritePin  stm32f1xx_hal_gpio.o
    0x08001ad2   0x08001ad2   0x00000002   PAD
    0x08001ad4   0x08001ad4   0x0000000c   Code   RO          479    .text.HAL_GetTick   stm32f1xx_hal.o
    0x08001ae0   0x08001ae0   0x00000176   Code   RO          800    .text.HAL_I2C_Init  stm32f1xx_hal_i2c.o
    0x08001c56   0x08001c56   0x00000002   PAD
    0x08001c58   0x08001c58   0x00000226   Code   RO          856    .text.HAL_I2C_IsDeviceReady  stm32f1xx_hal_i2c.o
    0x08001e7e   0x08001e7e   0x00000002   PAD
    0x08001e80   0x08001e80   0x000006de   Code   RO          814    .text.HAL_I2C_Master_Receive  stm32f1xx_hal_i2c.o
    0x0800255e   0x0800255e   0x00000002   PAD
    0x08002560   0x08002560   0x00000478   Code   RO          808    .text.HAL_I2C_Master_Transmit  stm32f1xx_hal_i2c.o
    0x080029d8   0x080029d8   0x000000c0   Code   RO          335    .text.HAL_I2C_MspInit  stm32f1xx_hal_msp.o
    0x08002a98   0x08002a98   0x0000001a   Code   RO          477    .text.HAL_IncTick   stm32f1xx_hal.o
    0x08002ab2   0x08002ab2   0x00000002   PAD
    0x08002ab4   0x08002ab4   0x00000026   Code   RO          467    .text.HAL_Init      stm32f1xx_hal.o
    0x08002ada   0x08002ada   0x00000002   PAD
    0x08002adc   0x08002adc   0x00000048   Code   RO          469    .text.HAL_InitTick  stm32f1xx_hal.o
    0x08002b24   0x08002b24   0x00000042   Code   RO          329    .text.HAL_MspInit   stm32f1xx_hal_msp.o
    0x08002b66   0x08002b66   0x00000002   PAD
    0x08002b68   0x08002b68   0x00000056   Code   RO          637    .text.HAL_NVIC_SetPriority  stm32f1xx_hal_cortex.o
    0x08002bbe   0x08002bbe   0x00000002   PAD
    0x08002bc0   0x08002bc0   0x00000020   Code   RO          635    .text.HAL_NVIC_SetPriorityGrouping  stm32f1xx_hal_cortex.o
    0x08002be0   0x08002be0   0x000000f0   Code   RO          569    .text.HAL_RCCEx_GetPeriphCLKFreq  stm32f1xx_hal_rcc_ex.o
    0x08002cd0   0x08002cd0   0x0000010a   Code   RO          565    .text.HAL_RCCEx_PeriphCLKConfig  stm32f1xx_hal_rcc_ex.o
    0x08002dda   0x08002dda   0x00000002   PAD
    0x08002ddc   0x08002ddc   0x000001be   Code   RO          531    .text.HAL_RCC_ClockConfig  stm32f1xx_hal_rcc.o
    0x08002f9a   0x08002f9a   0x00000002   PAD
    0x08002f9c   0x08002f9c   0x00000026   Code   RO          543    .text.HAL_RCC_GetPCLK1Freq  stm32f1xx_hal_rcc.o
    0x08002fc2   0x08002fc2   0x00000002   PAD
    0x08002fc4   0x08002fc4   0x00000026   Code   RO          545    .text.HAL_RCC_GetPCLK2Freq  stm32f1xx_hal_rcc.o
    0x08002fea   0x08002fea   0x00000002   PAD
    0x08002fec   0x08002fec   0x000003b4   Code   RO          529    .text.HAL_RCC_OscConfig  stm32f1xx_hal_rcc.o
    0x080033a0   0x080033a0   0x0000002c   Code   RO          647    .text.HAL_SYSTICK_Config  stm32f1xx_hal_cortex.o
    0x080033cc   0x080033cc   0x0000007a   Code   RO         1228    .text.HAL_TIMEx_MasterConfigSynchronization  stm32f1xx_hal_tim_ex.o
    0x08003446   0x08003446   0x00000002   PAD
    0x08003448   0x08003448   0x000000ec   Code   RO          934    .text.HAL_TIM_Base_Init  stm32f1xx_hal_tim.o
    0x08003534   0x08003534   0x00000032   Code   RO          339    .text.HAL_TIM_Base_MspInit  stm32f1xx_hal_msp.o
    0x08003566   0x08003566   0x00000002   PAD
    0x08003568   0x08003568   0x00000066   Code   RO          944    .text.HAL_TIM_Base_Start  stm32f1xx_hal_tim.o
    0x080035ce   0x080035ce   0x00000002   PAD
    0x080035d0   0x080035d0   0x00000192   Code   RO         1114    .text.HAL_TIM_ConfigClockSource  stm32f1xx_hal_tim.o
    0x08003762   0x08003762   0x00000002   PAD
    0x08003764   0x08003764   0x00000050   Code   RO          341    .text.HAL_TIM_MspPostInit  stm32f1xx_hal_msp.o
    0x080037b4   0x080037b4   0x000001a8   Code   RO         1080    .text.HAL_TIM_OC_ConfigChannel  stm32f1xx_hal_tim.o
    0x0800395c   0x0800395c   0x000000ec   Code   RO          962    .text.HAL_TIM_OC_Init  stm32f1xx_hal_tim.o
    0x08003a48   0x08003a48   0x00000002   Code   RO          964    .text.HAL_TIM_OC_MspInit  stm32f1xx_hal_tim.o
    0x08003a4a   0x08003a4a   0x00000002   PAD
    0x08003a4c   0x08003a4c   0x000000dc   Code   RO         1252    .text.HAL_UART_Init  stm32f1xx_hal_uart.o
    0x08003b28   0x08003b28   0x00000076   Code   RO          345    .text.HAL_UART_MspInit  stm32f1xx_hal_msp.o
    0x08003b9e   0x08003b9e   0x00000002   PAD
    0x08003ba0   0x08003ba0   0x00000002   Code   RO          306    .text.HardFault_Handler  stm32f1xx_it.o
    0x08003ba2   0x08003ba2   0x00000002   PAD
    0x08003ba4   0x08003ba4   0x00000002   Code   RO          308    .text.MemManage_Handler  stm32f1xx_it.o
    0x08003ba6   0x08003ba6   0x00000002   PAD
    0x08003ba8   0x08003ba8   0x00000002   Code   RO          304    .text.NMI_Handler   stm32f1xx_it.o
    0x08003baa   0x08003baa   0x00000002   PAD
    0x08003bac   0x08003bac   0x00000002   Code   RO          318    .text.PendSV_Handler  stm32f1xx_it.o
    0x08003bae   0x08003bae   0x00000002   PAD
    0x08003bb0   0x08003bb0   0x00000004   Code   RO          140    .text.RTC_Init      rtc.o
    0x08003bb4   0x08003bb4   0x000000be   Code   RO          138    .text.RTC_ReadTime  rtc.o
    0x08003c72   0x08003c72   0x00000002   PAD
    0x08003c74   0x08003c74   0x0000001c   Code   RO           46    .text.SSD1306_Fill  ssd1306.o
    0x08003c90   0x08003c90   0x0000000e   Code   RO           54    .text.SSD1306_GotoXY  ssd1306.o
    0x08003c9e   0x08003c9e   0x00000002   PAD
    0x08003ca0   0x08003ca0   0x00000304   Code   RO           44    .text.SSD1306_Init  ssd1306.o
    0x08003fa4   0x08003fa4   0x00000102   Code   RO           56    .text.SSD1306_Putc  ssd1306.o
    0x080040a6   0x080040a6   0x00000002   PAD
    0x080040a8   0x080040a8   0x00000030   Code   RO           58    .text.SSD1306_Puts  ssd1306.o
    0x080040d8   0x080040d8   0x000000a4   Code   RO           48    .text.SSD1306_UpdateScreen  ssd1306.o
    0x0800417c   0x0800417c   0x00000002   Code   RO          314    .text.SVC_Handler   stm32f1xx_it.o
    0x0800417e   0x0800417e   0x00000002   PAD
    0x08004180   0x08004180   0x00000004   Code   RO          320    .text.SysTick_Handler  stm32f1xx_it.o
    0x08004184   0x08004184   0x00000002   Code   RO         1370    .text.SystemInit    system_stm32f1xx.o
    0x08004186   0x08004186   0x00000002   PAD
    0x08004188   0x08004188   0x00000002   Code   RO          312    .text.UsageFault_Handler  stm32f1xx_it.o
    0x0800418a   0x0800418a   0x00000002   PAD
    0x0800418c   0x0800418c   0x0000007a   Code   RO          274    .text.btn_press_short_callback  main.o
    0x08004206   0x08004206   0x00000002   PAD
    0x08004208   0x08004208   0x00000028   Code   RO          276    .text.btn_press_timeout_callback  main.o
    0x08004230   0x08004230   0x00000046   Code   RO          272    .text.btn_pressing_callback  main.o
    0x08004276   0x08004276   0x00000002   PAD
    0x08004278   0x08004278   0x00000002   Code   RO          116    .text.btn_release_callback  button.o
    0x0800427a   0x0800427a   0x00000002   PAD
    0x0800427c   0x0800427c   0x00000096   Code   RO          120    .text.button_handle  button.o
    0x08004312   0x08004312   0x00000002   PAD
    0x08004314   0x08004314   0x00000006   Code   RO          122    .text.button_init   button.o
    0x0800431a   0x0800431a   0x00000002   PAD
    0x0800431c   0x0800431c   0x000000b6   Code   RO          164    .text.display       display.o
    0x080043d2   0x080043d2   0x00000002   PAD
    0x080043d4   0x080043d4   0x00000026   Code   RO          183    .text.flash_Erase   flash.o
    0x080043fa   0x080043fa   0x00000002   PAD
    0x080043fc   0x080043fc   0x00000070   Code   RO          197    .text.flash_Read_Array  flash.o
    0x0800446c   0x0800446c   0x00000032   Code   RO          189    .text.flash_Write_Array  flash.o
    0x0800449e   0x0800449e   0x00000002   PAD
    0x080044a0   0x080044a0   0x0000010a   Code   RO          270    .text.getmeasured   main.o
    0x080045aa   0x080045aa   0x00000002   PAD
    0x080045ac   0x080045ac   0x00000442   Code   RO          278    .text.main          main.o
    0x080049ee   0x080049ee   0x00000002   PAD
    0x080049f0   0x080049f0   0x000000dc   Code   RO          170    .text.menuShow      display.o
    0x08004acc   0x08004acc   0x00000056   Code   RO          241    .text.numberToString  mathextern.o
    0x08004b22   0x08004b22   0x00000002   PAD
    0x08004b24   0x08004b24   0x00000156   Code   RO          268    .text.readAndDisplayPPMArrayFromFlash  main.o
    0x08004c7a   0x08004c7a   0x00000002   PAD
    0x08004c7c   0x08004c7c   0x000001a0   Code   RO          168    .text.valueShow     display.o
    0x08004e1c   0x08004e1c   0x00000028   Code   RO         1484    i.__ARM_fpclassify  m_ws.l(fpclassify.o)
    0x08004e44   0x08004e44   0x000000aa   Code   RO         1486    i.__kernel_poly     m_ws.l(poly.o)
    0x08004eee   0x08004eee   0x00000002   PAD
    0x08004ef0   0x08004ef0   0x00000010   Code   RO         1470    i.__mathlib_dbl_divzero  m_ws.l(dunder.o)
    0x08004f00   0x08004f00   0x00000004   Code   RO         1472    i.__mathlib_dbl_infnan2  m_ws.l(dunder.o)
    0x08004f04   0x08004f04   0x0000000c   Code   RO         1473    i.__mathlib_dbl_invalid  m_ws.l(dunder.o)
    0x08004f10   0x08004f10   0x0000000e   Code   RO         1474    i.__mathlib_dbl_overflow  m_ws.l(dunder.o)
    0x08004f1e   0x08004f1e   0x00000002   PAD
    0x08004f20   0x08004f20   0x00000010   Code   RO         1476    i.__mathlib_dbl_underflow  m_ws.l(dunder.o)
    0x08004f30   0x08004f30   0x0000000e   Code   RO         1552    i.__scatterload_copy  mc_w.l(handlers.o)
    0x08004f3e   0x08004f3e   0x00000002   Code   RO         1553    i.__scatterload_null  mc_w.l(handlers.o)
    0x08004f40   0x08004f40   0x0000000e   Code   RO         1554    i.__scatterload_zeroinit  mc_w.l(handlers.o)
    0x08004f4e   0x08004f4e   0x00000002   PAD
    0x08004f50   0x08004f50   0x0000000c   Code   RO         1517    i.__set_errno       mc_w.l(errno.o)
    0x08004f5c   0x08004f5c   0x000009ec   Code   RO         1389    i.pow               m_ws.l(pow.o)
    0x08005948   0x08005948   0x0000004c   Code   RO         1490    i.sqrt              m_ws.l(sqrt.o)
    0x08005994   0x08005994   0x00000004   PAD
    0x08005998   0x08005998   0x00000088   Data   RO         1390    .constdata          m_ws.l(pow.o)
    0x08005a20   0x08005a20   0x00000008   Data   RO         1488    .constdata          m_ws.l(qnan.o)
    0x08005a28   0x08005a28   0x00000002   Data   RO          556    .rodata..L__const.HAL_RCC_GetSysClockFreq.aPredivFactorTable  stm32f1xx_hal_rcc.o
    0x08005a2a   0x08005a2a   0x00000010   Data   RO         1375    .rodata.AHBPrescTable  system_stm32f1xx.o
    0x08005a3a   0x08005a3a   0x00000008   Data   RO         1376    .rodata.APBPrescTable  system_stm32f1xx.o
    0x08005a42   0x08005a42   0x00000d5c   Data   RO           14    .rodata.Font11x18   fonts.o
    0x0800679e   0x0800679e   0x0000076c   Data   RO           13    .rodata.Font7x10    fonts.o
    0x08006f0a   0x08006f0a   0x00000010   Data   RO          555    .rodata.cst16       stm32f1xx_hal_rcc.o
    0x08006f1a   0x08006f1a   0x0000002f   Data   RO          172    .rodata.str1.1      display.o
    0x08006f49   0x08006f49   0x00000013   Data   RO          253    .rodata.str1.1      mathextern.o
    0x08006f5c   0x08006f5c   0x00000020   Data   RO         1551    Region$$Table       anon$$obj.o


    Execution Region RW_IRAM1 (Exec base: 0x20000000, Load base: 0x08006f80, Size: 0x00000aa8, Max: 0x00005000, ABSOLUTE)

    Exec Addr    Load Addr    Size         Type   Attr      Idx    E Section Name        Object

    0x20000000   0x08006f80   0x00000004   Data   RW         1518    .data               mc_w.l(errno.o)
    0x20000004   0x08006f84   0x00000008   Data   RW          292    .data..L_MergedGlobals  main.o
    0x2000000c   0x08006f8c   0x00000008   Data   RW          518    .data..L_MergedGlobals  stm32f1xx_hal.o
    0x20000014   0x08006f94   0x00000008   Data   RW           17    .data.Font_11x18    fonts.o
    0x2000001c   0x08006f9c   0x00000008   Data   RW           16    .data.Font_7x10     fonts.o
    0x20000024   0x08006fa4   0x00000004   Data   RW         1374    .data.SystemCoreClock  system_stm32f1xx.o
    0x20000028        -       0x00000006   Zero   RW           83    .bss..L_MergedGlobals  ssd1306.o
    0x2000002e   0x08006fa8   0x00000002   PAD
    0x20000030        -       0x0000006c   Zero   RW          293    .bss..L_MergedGlobals.1  main.o
    0x2000009c        -       0x0000005c   Zero   RW          294    .bss..L_MergedGlobals.2  main.o
    0x200000f8        -       0x00000074   Zero   RW          295    .bss..L_MergedGlobals.3  main.o
    0x2000016c        -       0x00000400   Zero   RW           82    .bss.SSD1306_Buffer  ssd1306.o
    0x2000056c        -       0x00000054   Zero   RW          287    .bss.hi2c1          main.o
    0x200005c0        -       0x00000054   Zero   RW          285    .bss.hi2c2          main.o
    0x20000614        -       0x00000048   Zero   RW          286    .bss.htim4          main.o
    0x2000065c        -       0x00000020   Zero   RW          254    .bss.numberToString.buf  mathextern.o
    0x2000067c   0x08006fa8   0x00000004   PAD
    0x20000680        -       0x00000020   Zero   RW          743    .bss.pFlash         stm32f1xx_hal_flash.o
    0x200006a0        -       0x00000004   Zero   RW          517    .bss.uwTick         stm32f1xx_hal.o
    0x200006a4   0x08006fa8   0x00000004   PAD
    0x200006a8        -       0x00000400   Zero   RW            1    STACK               startup_stm32f103xb.o


==============================================================================

Image component sizes


      Code (inc. data)   RO Data    RW Data    ZI Data      Debug   Object Name

       158          0          0          0          0       2156   button.o
       604          0          0          0          0       6248   dht.o
       818         40         47          0          0       1929   display.o
       200          0          0          0          0      16534   flash.o
         0          0       5320         16          0       1224   fonts.o
      1930          0          0          8        556      14181   main.o
        86          0         19          0         32       5021   mathextern.o
       194          0          0          0          0       5545   rtc.o
      1284          0          0          0       1030      24069   ssd1306.o
        36          8        236          0       1024        756   startup_stm32f103xb.o
       188          0          0          8          4       5712   stm32f1xx_hal.o
      1970          0          0          0          0      13030   stm32f1xx_hal_adc.o
       276          0          0          0          0       9427   stm32f1xx_hal_adc_ex.o
       162          0          0          0          0       8438   stm32f1xx_hal_cortex.o
       462          0          0          0         32       5463   stm32f1xx_hal_flash.o
       238          0          0          0          0       6929   stm32f1xx_hal_flash_ex.o
       566         22          0          0          0       4558   stm32f1xx_hal_gpio.o
      3826          0          0          0          0      53211   stm32f1xx_hal_i2c.o
       604          0          0          0          0       9640   stm32f1xx_hal_msp.o
      1470          0         18          0          0       7612   stm32f1xx_hal_rcc.o
       506         20          0          0          0       3529   stm32f1xx_hal_rcc_ex.o
      1402          6          0          0          0      54277   stm32f1xx_hal_tim.o
       122          0          0          0          0      20383   stm32f1xx_hal_tim_ex.o
       220          0          0          0          0      23551   stm32f1xx_hal_uart.o
        20          0          0          0          0       1119   stm32f1xx_it.o
         2          0         24          4          0       1592   system_stm32f1xx.o

    ----------------------------------------------------------------------
     17448         96       5696         36       2688     306134   Object Totals
         0          0         32          0          0          0   (incl. Generated)
       104          0          0          0         10          0   (incl. Padding)

    ----------------------------------------------------------------------

      Code (inc. data)   RO Data    RW Data    ZI Data      Debug   Library Member Name

        62         10          0          0          0        340   dunder.o
        40          0          0          0          0         68   fpclassify.o
       170          0          0          0          0         96   poly.o
      2540        188        136          0          0        332   pow.o
         0          0          8          0          0          0   qnan.o
        76          0          0          0          0         84   sqrt.o
         0          0          0          0          0          0   entry.o
         0          0          0          0          0          0   entry10a.o
         0          0          0          0          0          0   entry11a.o
         8          4          0          0          0          0   entry2.o
         4          0          0          0          0          0   entry5.o
         0          0          0          0          0          0   entry7b.o
         0          0          0          0          0          0   entry8b.o
         8          4          0          0          0          0   entry9a.o
        12          6          0          4          0         68   errno.o
        30          0          0          0          0          0   handlers.o
        36          8          0          0          0         68   init.o
         0          0          0          0          0          0   iusefp.o
        30          0          0          0          0         68   llshl.o
        36          0          0          0          0         68   llsshr.o
        32          0          0          0          0         68   llushr.o
        64          0          0          0          0         76   memmovea.o
        36          0          0          0          0        108   memseta.o
        48          0          0          0          0         68   cdrcmple.o
        56          0          0          0          0         88   d2f.o
       334          0          0          0          0        148   dadd.o
        54          0          0          0          0         80   dcmple.o
       222          0          0          0          0        100   ddiv.o
       186          0          0          0          0        176   depilogue.o
        62          0          0          0          0         80   dfixi.o
        34          0          0          0          0         76   dflti.o
        26          0          0          0          0         76   dfltui.o
       228          0          0          0          0         96   dmul.o
        46          0          0          0          0         80   dscalb.o
       162          0          0          0          0        100   dsqrt.o
        38          0          0          0          0         68   f2d.o
       176          0          0          0          0        140   fadd.o
       124          0          0          0          0         88   fdiv.o
       110          0          0          0          0        168   fepilogue.o
        50          0          0          0          0         68   ffixi.o
       100          0          0          0          0         76   fmul.o

    ----------------------------------------------------------------------
      5252        220        144          4          0       3220   Library Totals
        12          0          0          0          0          0   (incl. Padding)

    ----------------------------------------------------------------------

      Code (inc. data)   RO Data    RW Data    ZI Data      Debug   Library Name

      2888        198        144          0          0        920   m_ws.l
       296         22          0          4          0        524   mc_w.l
      2056          0          0          0          0       1776   mf_w.l

    ----------------------------------------------------------------------
      5252        220        144          4          0       3220   Library Totals

    ----------------------------------------------------------------------

==============================================================================


      Code (inc. data)   RO Data    RW Data    ZI Data      Debug   

     22700        316       5840         40       2688     307434   Grand Totals
     22700        316       5840         40       2688     307434   ELF Image Totals
     22700        316       5840         40          0          0   ROM Totals

==============================================================================

    Total RO  Size (Code + RO Data)                28540 (  27.87kB)
    Total RW  Size (RW Data + ZI Data)              2728 (   2.66kB)
    Total ROM Size (Code + RO Data + RW Data)      28580 (  27.91kB)

==============================================================================

